Component: Arm Compiler for Embedded 6.19 Tool: armlink [5e73cb00]

==============================================================================

Section Cross References

    startup_stm32g431xx.o(RESET) refers to startup_stm32g431xx.o(STACK) for __initial_sp
    startup_stm32g431xx.o(RESET) refers to startup_stm32g431xx.o(.text) for Reset_Handler
    startup_stm32g431xx.o(RESET) refers to stm32g4xx_it.o(.text.NMI_Handler) for NMI_Handler
    startup_stm32g431xx.o(RESET) refers to stm32g4xx_it.o(.text.HardFault_Handler) for HardFault_Handler
    startup_stm32g431xx.o(RESET) refers to stm32g4xx_it.o(.text.MemManage_Handler) for MemManage_Handler
    startup_stm32g431xx.o(RESET) refers to stm32g4xx_it.o(.text.BusFault_Handler) for BusFault_Handler
    startup_stm32g431xx.o(RESET) refers to stm32g4xx_it.o(.text.UsageFault_Handler) for UsageFault_Handler
    startup_stm32g431xx.o(RESET) refers to stm32g4xx_it.o(.text.SVC_Handler) for SVC_Handler
    startup_stm32g431xx.o(RESET) refers to stm32g4xx_it.o(.text.DebugMon_Handler) for DebugMon_Handler
    startup_stm32g431xx.o(RESET) refers to stm32g4xx_it.o(.text.PendSV_Handler) for PendSV_Handler
    startup_stm32g431xx.o(RESET) refers to stm32g4xx_it.o(.text.SysTick_Handler) for SysTick_Handler
    startup_stm32g431xx.o(RESET) refers to stm32g4xx_it.o(.text.TIM6_DAC_IRQHandler) for TIM6_DAC_IRQHandler
    startup_stm32g431xx.o(.text) refers to system_stm32g4xx.o(.text.SystemInit) for SystemInit
    startup_stm32g431xx.o(.text) refers to entry.o(.ARM.Collect$$$$00000000) for __main
    main.o(.text.main) refers to stm32g4xx_hal.o(.text.HAL_Init) for HAL_Init
    main.o(.text.main) refers to stm32g4xx_hal_pwr_ex.o(.text.HAL_PWREx_ControlVoltageScaling) for HAL_PWREx_ControlVoltageScaling
    main.o(.text.main) refers to stm32g4xx_hal_rcc.o(.text.HAL_RCC_OscConfig) for HAL_RCC_OscConfig
    main.o(.text.main) refers to stm32g4xx_hal_rcc.o(.text.HAL_RCC_ClockConfig) for HAL_RCC_ClockConfig
    main.o(.text.main) refers to gpio.o(.text.MX_GPIO_Init) for MX_GPIO_Init
    main.o(.text.main) refers to tim.o(.text.MX_TIM6_Init) for MX_TIM6_Init
    main.o(.text.main) refers to button.o(.text.btn_Task) for btn_Task
    main.o(.text.main) refers to lcd_hal.o(.text.LCD_Init) for LCD_Init
    main.o(.text.main) refers to gui.o(.text.GuiInit) for GuiInit
    main.o(.ARM.exidx.text.main) refers to main.o(.text.main) for [Anonymous Symbol]
    main.o(.text.SystemClock_Config) refers to stm32g4xx_hal_pwr_ex.o(.text.HAL_PWREx_ControlVoltageScaling) for HAL_PWREx_ControlVoltageScaling
    main.o(.text.SystemClock_Config) refers to stm32g4xx_hal_rcc.o(.text.HAL_RCC_OscConfig) for HAL_RCC_OscConfig
    main.o(.text.SystemClock_Config) refers to stm32g4xx_hal_rcc.o(.text.HAL_RCC_ClockConfig) for HAL_RCC_ClockConfig
    main.o(.ARM.exidx.text.SystemClock_Config) refers to main.o(.text.SystemClock_Config) for [Anonymous Symbol]
    main.o(.ARM.exidx.text.Error_Handler) refers to main.o(.text.Error_Handler) for [Anonymous Symbol]
    gpio.o(.text.MX_GPIO_Init) refers to stm32g4xx_hal_gpio.o(.text.HAL_GPIO_WritePin) for HAL_GPIO_WritePin
    gpio.o(.text.MX_GPIO_Init) refers to stm32g4xx_hal_gpio.o(.text.HAL_GPIO_Init) for HAL_GPIO_Init
    gpio.o(.ARM.exidx.text.MX_GPIO_Init) refers to gpio.o(.text.MX_GPIO_Init) for [Anonymous Symbol]
    tim.o(.text.MX_TIM6_Init) refers to tim.o(.bss.htim6) for htim6
    tim.o(.text.MX_TIM6_Init) refers to stm32g4xx_hal_tim.o(.text.HAL_TIM_Base_Init) for HAL_TIM_Base_Init
    tim.o(.text.MX_TIM6_Init) refers to main.o(.text.Error_Handler) for Error_Handler
    tim.o(.text.MX_TIM6_Init) refers to stm32g4xx_hal_tim_ex.o(.text.HAL_TIMEx_MasterConfigSynchronization) for HAL_TIMEx_MasterConfigSynchronization
    tim.o(.text.MX_TIM6_Init) refers to stm32g4xx_hal_tim.o(.text.HAL_TIM_Base_Start_IT) for HAL_TIM_Base_Start_IT
    tim.o(.ARM.exidx.text.MX_TIM6_Init) refers to tim.o(.text.MX_TIM6_Init) for [Anonymous Symbol]
    tim.o(.text.HAL_TIM_Base_MspInit) refers to stm32g4xx_hal_cortex.o(.text.HAL_NVIC_SetPriority) for HAL_NVIC_SetPriority
    tim.o(.text.HAL_TIM_Base_MspInit) refers to stm32g4xx_hal_cortex.o(.text.HAL_NVIC_EnableIRQ) for HAL_NVIC_EnableIRQ
    tim.o(.ARM.exidx.text.HAL_TIM_Base_MspInit) refers to tim.o(.text.HAL_TIM_Base_MspInit) for [Anonymous Symbol]
    tim.o(.text.HAL_TIM_Base_MspDeInit) refers to stm32g4xx_hal_cortex.o(.text.HAL_NVIC_DisableIRQ) for HAL_NVIC_DisableIRQ
    tim.o(.ARM.exidx.text.HAL_TIM_Base_MspDeInit) refers to tim.o(.text.HAL_TIM_Base_MspDeInit) for [Anonymous Symbol]
    tim.o(.text.HAL_TIM_PeriodElapsedCallback) refers to tim.o(.bss.htim6) for htim6
    tim.o(.text.HAL_TIM_PeriodElapsedCallback) refers to multi_button.o(.text.button_ticks) for button_ticks
    tim.o(.ARM.exidx.text.HAL_TIM_PeriodElapsedCallback) refers to tim.o(.text.HAL_TIM_PeriodElapsedCallback) for [Anonymous Symbol]
    stm32g4xx_it.o(.ARM.exidx.text.NMI_Handler) refers to stm32g4xx_it.o(.text.NMI_Handler) for [Anonymous Symbol]
[...]
    Removing stm32g4xx_hal.o(.text.HAL_DBGMCU_EnableDBGStopMode), (18 bytes).
    Removing stm32g4xx_hal.o(.ARM.exidx.text.HAL_DBGMCU_EnableDBGStopMode), (8 bytes).
    Removing stm32g4xx_hal.o(.text.HAL_DBGMCU_DisableDBGStopMode), (18 bytes).
    Removing stm32g4xx_hal.o(.ARM.exidx.text.HAL_DBGMCU_DisableDBGStopMode), (8 bytes).
    Removing stm32g4xx_hal.o(.text.HAL_DBGMCU_EnableDBGStandbyMode), (18 bytes).
    Removing stm32g4xx_hal.o(.ARM.exidx.text.HAL_DBGMCU_EnableDBGStandbyMode), (8 bytes).
    Removing stm32g4xx_hal.o(.text.HAL_DBGMCU_DisableDBGStandbyMode), (18 bytes).
    Removing stm32g4xx_hal.o(.ARM.exidx.text.HAL_DBGMCU_DisableDBGStandbyMode), (8 bytes).
    Removing stm32g4xx_hal.o(.text.HAL_SYSCFG_CCMSRAMErase), (24 bytes).
    Removing stm32g4xx_hal.o(.ARM.exidx.text.HAL_SYSCFG_CCMSRAMErase), (8 bytes).
    Removing stm32g4xx_hal.o(.text.HAL_SYSCFG_EnableMemorySwappingBank), (16 bytes).
    Removing stm32g4xx_hal.o(.ARM.exidx.text.HAL_SYSCFG_EnableMemorySwappingBank), (8 bytes).
    Removing stm32g4xx_hal.o(.text.HAL_SYSCFG_DisableMemorySwappingBank), (16 bytes).
    Removing stm32g4xx_hal.o(.ARM.exidx.text.HAL_SYSCFG_DisableMemorySwappingBank), (8 bytes).
    Removing stm32g4xx_hal.o(.text.HAL_SYSCFG_VREFBUF_VoltageScalingConfig), (18 bytes).
    Removing stm32g4xx_hal.o(.ARM.exidx.text.HAL_SYSCFG_VREFBUF_VoltageScalingConfig), (8 bytes).
    Removing stm32g4xx_hal.o(.text.HAL_SYSCFG_VREFBUF_HighImpedanceConfig), (18 bytes).
    Removing stm32g4xx_hal.o(.ARM.exidx.text.HAL_SYSCFG_VREFBUF_HighImpedanceConfig), (8 bytes).
    Removing stm32g4xx_hal.o(.text.HAL_SYSCFG_VREFBUF_TrimmingConfig), (18 bytes).
    Removing stm32g4xx_hal.o(.ARM.exidx.text.HAL_SYSCFG_VREFBUF_TrimmingConfig), (8 bytes).
    Removing stm32g4xx_hal.o(.text.HAL_SYSCFG_EnableVREFBUF), (48 bytes).
    Removing stm32g4xx_hal.o(.ARM.exidx.text.HAL_SYSCFG_EnableVREFBUF), (8 bytes).
    Removing stm32g4xx_hal.o(.text.HAL_SYSCFG_DisableVREFBUF), (16 bytes).
    Removing stm32g4xx_hal.o(.ARM.exidx.text.HAL_SYSCFG_DisableVREFBUF), (8 bytes).
    Removing stm32g4xx_hal.o(.text.HAL_SYSCFG_EnableIOSwitchBooster), (16 bytes).
    Removing stm32g4xx_hal.o(.ARM.exidx.text.HAL_SYSCFG_EnableIOSwitchBooster), (8 bytes).
    Removing stm32g4xx_hal.o(.text.HAL_SYSCFG_DisableIOSwitchBooster), (16 bytes).
    Removing stm32g4xx_hal.o(.ARM.exidx.text.HAL_SYSCFG_DisableIOSwitchBooster), (8 bytes).
    Removing stm32g4xx_hal.o(.text.HAL_SYSCFG_EnableIOSwitchVDD), (16 bytes).
    Removing stm32g4xx_hal.o(.ARM.exidx.text.HAL_SYSCFG_EnableIOSwitchVDD), (8 bytes).
    Removing stm32g4xx_hal.o(.text.HAL_SYSCFG_DisableIOSwitchVDD), (16 bytes).
    Removing stm32g4xx_hal.o(.ARM.exidx.text.HAL_SYSCFG_DisableIOSwitchVDD), (8 bytes).
    Removing stm32g4xx_hal.o(.text.HAL_SYSCFG_CCMSRAM_WriteProtectionEnable), (14 bytes).
    Removing stm32g4xx_hal.o(.ARM.exidx.text.HAL_SYSCFG_CCMSRAM_WriteProtectionEnable), (8 bytes).
    Removing stm32g4xx_hal_rcc.o(.text), (0 bytes).
    Removing stm32g4xx_hal_rcc.o(.text.HAL_RCC_DeInit), (198 bytes).
    Removing stm32g4xx_hal_rcc.o(.ARM.exidx.text.HAL_RCC_DeInit), (8 bytes).
    Removing stm32g4xx_hal_rcc.o(.ARM.exidx.text.HAL_RCC_OscConfig), (8 bytes).
    Removing stm32g4xx_hal_rcc.o(.ARM.exidx.text.HAL_RCC_ClockConfig), (8 bytes).
    Removing stm32g4xx_hal_rcc.o(.text.HAL_RCC_GetSysClockFreq), (126 bytes).
    Removing stm32g4xx_hal_rcc.o(.ARM.exidx.text.HAL_RCC_GetSysClockFreq), (8 bytes).
    Removing stm32g4xx_hal_rcc.o(.text.HAL_RCC_MCOConfig), (90 bytes).
    Removing stm32g4xx_hal_rcc.o(.ARM.exidx.text.HAL_RCC_MCOConfig), (8 bytes).
    Removing stm32g4xx_hal_rcc.o(.text.HAL_RCC_GetHCLKFreq), (12 bytes).
    Removing stm32g4xx_hal_rcc.o(.ARM.exidx.text.HAL_RCC_GetHCLKFreq), (8 bytes).
    Removing stm32g4xx_hal_rcc.o(.text.HAL_RCC_GetPCLK1Freq), (42 bytes).
    Removing stm32g4xx_hal_rcc.o(.ARM.exidx.text.HAL_RCC_GetPCLK1Freq), (8 bytes).
    Removing stm32g4xx_hal_rcc.o(.text.HAL_RCC_GetPCLK2Freq), (42 bytes).
    Removing stm32g4xx_hal_rcc.o(.ARM.exidx.text.HAL_RCC_GetPCLK2Freq), (8 bytes).
    Removing stm32g4xx_hal_rcc.o(.text.HAL_RCC_GetOscConfig), (188 bytes).
    Removing stm32g4xx_hal_rcc.o(.ARM.exidx.text.HAL_RCC_GetOscConfig), (8 bytes).
    Removing stm32g4xx_hal_rcc.o(.text.HAL_RCC_GetClockConfig), (66 bytes).
    Removing stm32g4xx_hal_rcc.o(.ARM.exidx.text.HAL_RCC_GetClockConfig), (8 bytes).
    Removing stm32g4xx_hal_rcc.o(.text.HAL_RCC_EnableCSS), (18 bytes).
    Removing stm32g4xx_hal_rcc.o(.ARM.exidx.text.HAL_RCC_EnableCSS), (8 bytes).
    Removing stm32g4xx_hal_rcc.o(.text.HAL_RCC_EnableLSECSS), (18 bytes).
    Removing stm32g4xx_hal_rcc.o(.ARM.exidx.text.HAL_RCC_EnableLSECSS), (8 bytes).
    Removing stm32g4xx_hal_rcc.o(.text.HAL_RCC_DisableLSECSS), (18 bytes).
    Removing stm32g4xx_hal_rcc.o(.ARM.exidx.text.HAL_RCC_DisableLSECSS), (8 bytes).
    Removing stm32g4xx_hal_rcc.o(.text.HAL_RCC_NMI_IRQHandler), (30 bytes).
    Removing stm32g4xx_hal_rcc.o(.ARM.exidx.text.HAL_RCC_NMI_IRQHandler), (8 bytes).
    Removing stm32g4xx_hal_rcc.o(.text.HAL_RCC_CSSCallback), (2 bytes).
    Removing stm32g4xx_hal_rcc.o(.ARM.exidx.text.HAL_RCC_CSSCallback), (8 bytes).
    Removing stm32g4xx_hal_rcc_ex.o(.text), (0 bytes).
    Removing stm32g4xx_hal_rcc_ex.o(.text.HAL_RCCEx_PeriphCLKConfig), (618 bytes).
    Removing stm32g4xx_hal_rcc_ex.o(.ARM.exidx.text.HAL_RCCEx_PeriphCLKConfig), (8 bytes).
    Removing stm32g4xx_hal_rcc_ex.o(.text.HAL_RCCEx_GetPeriphCLKConfig), (148 bytes).
    Removing stm32g4xx_hal_rcc_ex.o(.ARM.exidx.text.HAL_RCCEx_GetPeriphCLKConfig), (8 bytes).
    Removing stm32g4xx_hal_rcc_ex.o(.text.HAL_RCCEx_GetPeriphCLKFreq), (1084 bytes).
    Removing stm32g4xx_hal_rcc_ex.o(.ARM.exidx.text.HAL_RCCEx_GetPeriphCLKFreq), (8 bytes).
    Removing stm32g4xx_hal_rcc_ex.o(.text.HAL_RCCEx_EnableLSECSS), (18 bytes).
    Removing stm32g4xx_hal_rcc_ex.o(.ARM.exidx.text.HAL_RCCEx_EnableLSECSS), (8 bytes).
    Removing stm32g4xx_hal_rcc_ex.o(.text.HAL_RCCEx_DisableLSECSS), (26 bytes).
    Removing stm32g4xx_hal_rcc_ex.o(.ARM.exidx.text.HAL_RCCEx_DisableLSECSS), (8 bytes).
    Removing stm32g4xx_hal_rcc_ex.o(.text.HAL_RCCEx_EnableLSECSS_IT), (50 bytes).
    Removing stm32g4xx_hal_rcc_ex.o(.ARM.exidx.text.HAL_RCCEx_EnableLSECSS_IT), (8 bytes).
    Removing stm32g4xx_hal_rcc_ex.o(.text.HAL_RCCEx_LSECSS_IRQHandler), (30 bytes).
    Removing stm32g4xx_hal_rcc_ex.o(.ARM.exidx.text.HAL_RCCEx_LSECSS_IRQHandler), (8 bytes).
    Removing stm32g4xx_hal_rcc_ex.o(.text.HAL_RCCEx_LSECSS_Callback), (2 bytes).
    Removing stm32g4xx_hal_rcc_ex.o(.ARM.exidx.text.HAL_RCCEx_LSECSS_Callback), (8 bytes).
    Removing stm32g4xx_hal_rcc_ex.o(.text.HAL_RCCEx_EnableLSCO), (160 bytes).
    Removing stm32g4xx_hal_rcc_ex.o(.ARM.exidx.text.HAL_RCCEx_EnableLSCO), (8 bytes).
    Removing stm32g4xx_hal_rcc_ex.o(.text.HAL_RCCEx_DisableLSCO), (94 bytes).
    Removing stm32g4xx_hal_rcc_ex.o(.ARM.exidx.text.HAL_RCCEx_DisableLSCO), (8 bytes).
    Removing stm32g4xx_hal_rcc_ex.o(.text.HAL_RCCEx_CRSConfig), (76 bytes).
    Removing stm32g4xx_hal_rcc_ex.o(.ARM.exidx.text.HAL_RCCEx_CRSConfig), (8 bytes).
    Removing stm32g4xx_hal_rcc_ex.o(.text.HAL_RCCEx_CRSSoftwareSynchronizationGenerate), (18 bytes).
    Removing stm32g4xx_hal_rcc_ex.o(.ARM.exidx.text.HAL_RCCEx_CRSSoftwareSynchronizationGenerate), (8 bytes).
    Removing stm32g4xx_hal_rcc_ex.o(.text.HAL_RCCEx_CRSGetSynchronizationInfo), (42 bytes).
    Removing stm32g4xx_hal_rcc_ex.o(.ARM.exidx.text.HAL_RCCEx_CRSGetSynchronizationInfo), (8 bytes).
    Removing stm32g4xx_hal_rcc_ex.o(.text.HAL_RCCEx_CRSWaitSynchronization), (230 bytes).
    Removing stm32g4xx_hal_rcc_ex.o(.ARM.exidx.text.HAL_RCCEx_CRSWaitSynchronization), (8 bytes).
    Removing stm32g4xx_hal_rcc_ex.o(.text.HAL_RCCEx_CRS_IRQHandler), (102 bytes).
    Removing stm32g4xx_hal_rcc_ex.o(.ARM.exidx.text.HAL_RCCEx_CRS_IRQHandler), (8 bytes).
    Removing stm32g4xx_hal_rcc_ex.o(.text.HAL_RCCEx_CRS_SyncOkCallback), (2 bytes).
    Removing stm32g4xx_hal_rcc_ex.o(.ARM.exidx.text.HAL_RCCEx_CRS_SyncOkCallback), (8 bytes).
    Removing stm32g4xx_hal_rcc_ex.o(.text.HAL_RCCEx_CRS_SyncWarnCallback), (2 bytes).
    Removing stm32g4xx_hal_rcc_ex.o(.ARM.exidx.text.HAL_RCCEx_CRS_SyncWarnCallback), (8 bytes).
    Removing stm32g4xx_hal_rcc_ex.o(.text.HAL_RCCEx_CRS_ExpectedSyncCallback), (2 bytes).
    Removing stm32g4xx_hal_rcc_ex.o(.ARM.exidx.text.HAL_RCCEx_CRS_ExpectedSyncCallback), (8 bytes).
    Removing stm32g4xx_hal_rcc_ex.o(.text.HAL_RCCEx_CRS_ErrorCallback), (2 bytes).
    Removing stm32g4xx_hal_rcc_ex.o(.ARM.exidx.text.HAL_RCCEx_CRS_ErrorCallback), (8 bytes).
    Removing stm32g4xx_hal_flash.o(.text), (0 bytes).
    Removing stm32g4xx_hal_flash.o(.text.HAL_FLASH_Program), (426 bytes).
    Removing stm32g4xx_hal_flash.o(.ARM.exidx.text.HAL_FLASH_Program), (8 bytes).
    Removing stm32g4xx_hal_flash.o(.text.FLASH_WaitForLastOperation), (90 bytes).
    Removing stm32g4xx_hal_flash.o(.ARM.exidx.text.FLASH_WaitForLastOperation), (8 bytes).
    Removing stm32g4xx_hal_flash.o(.text.HAL_FLASH_Program_IT), (326 bytes).
    Removing stm32g4xx_hal_flash.o(.ARM.exidx.text.HAL_FLASH_Program_IT), (8 bytes).
    Removing stm32g4xx_hal_flash.o(.text.HAL_FLASH_IRQHandler), (246 bytes).
    Removing stm32g4xx_hal_flash.o(.ARM.exidx.text.HAL_FLASH_IRQHandler), (8 bytes).
    Removing stm32g4xx_hal_flash.o(.text.HAL_FLASH_OperationErrorCallback), (2 bytes).
    Removing stm32g4xx_hal_flash.o(.ARM.exidx.text.HAL_FLASH_OperationErrorCallback), (8 bytes).
    Removing stm32g4xx_hal_flash.o(.text.HAL_FLASH_EndOfOperationCallback), (2 bytes).
    Removing stm32g4xx_hal_flash.o(.ARM.exidx.text.HAL_FLASH_EndOfOperationCallback), (8 bytes).
    Removing stm32g4xx_hal_flash.o(.text.HAL_FLASH_Unlock), (46 bytes).
    Removing stm32g4xx_hal_flash.o(.ARM.exidx.text.HAL_FLASH_Unlock), (8 bytes).
    Removing stm32g4xx_hal_flash.o(.text.HAL_FLASH_Lock), (24 bytes).
    Removing stm32g4xx_hal_flash.o(.ARM.exidx.text.HAL_FLASH_Lock), (8 bytes).
    Removing stm32g4xx_hal_flash.o(.text.HAL_FLASH_OB_Unlock), (46 bytes).
    Removing stm32g4xx_hal_flash.o(.ARM.exidx.text.HAL_FLASH_OB_Unlock), (8 bytes).
    Removing stm32g4xx_hal_flash.o(.text.HAL_FLASH_OB_Lock), (26 bytes).
    Removing stm32g4xx_hal_flash.o(.ARM.exidx.text.HAL_FLASH_OB_Lock), (8 bytes).
    Removing stm32g4xx_hal_flash.o(.text.HAL_FLASH_OB_Launch), (98 bytes).
    Removing stm32g4xx_hal_flash.o(.ARM.exidx.text.HAL_FLASH_OB_Launch), (8 bytes).
    Removing stm32g4xx_hal_flash.o(.text.HAL_FLASH_GetError), (12 bytes).
    Removing stm32g4xx_hal_flash.o(.ARM.exidx.text.HAL_FLASH_GetError), (8 bytes).
    Removing stm32g4xx_hal_flash.o(.data.pFlash), (32 bytes).
    Removing stm32g4xx_hal_flash_ex.o(.text), (0 bytes).
    Removing stm32g4xx_hal_flash_ex.o(.text.HAL_FLASHEx_Erase), (386 bytes).
    Removing stm32g4xx_hal_flash_ex.o(.ARM.exidx.text.HAL_FLASHEx_Erase), (8 bytes).
    Removing stm32g4xx_hal_flash_ex.o(.text.FLASH_PageErase), (40 bytes).
    Removing stm32g4xx_hal_flash_ex.o(.ARM.exidx.text.FLASH_PageErase), (8 bytes).
    Removing stm32g4xx_hal_flash_ex.o(.text.FLASH_FlushCaches), (110 bytes).
    Removing stm32g4xx_hal_flash_ex.o(.ARM.exidx.text.FLASH_FlushCaches), (8 bytes).
    Removing stm32g4xx_hal_flash_ex.o(.text.HAL_FLASHEx_Erase_IT), (170 bytes).
    Removing stm32g4xx_hal_flash_ex.o(.ARM.exidx.text.HAL_FLASHEx_Erase_IT), (8 bytes).
    Removing stm32g4xx_hal_flash_ex.o(.text.HAL_FLASHEx_OBProgram), (760 bytes).
    Removing stm32g4xx_hal_flash_ex.o(.ARM.exidx.text.HAL_FLASHEx_OBProgram), (8 bytes).
    Removing stm32g4xx_hal_flash_ex.o(.text.HAL_FLASHEx_OBGetConfig), (180 bytes).
    Removing stm32g4xx_hal_flash_ex.o(.ARM.exidx.text.HAL_FLASHEx_OBGetConfig), (8 bytes).
    Removing stm32g4xx_hal_flash_ex.o(.text.HAL_FLASHEx_EnableSecMemProtection), (20 bytes).
    Removing stm32g4xx_hal_flash_ex.o(.ARM.exidx.text.HAL_FLASHEx_EnableSecMemProtection), (8 bytes).
    Removing stm32g4xx_hal_flash_ex.o(.text.HAL_FLASHEx_EnableDebugger), (18 bytes).
    Removing stm32g4xx_hal_flash_ex.o(.ARM.exidx.text.HAL_FLASHEx_EnableDebugger), (8 bytes).
    Removing stm32g4xx_hal_flash_ex.o(.text.HAL_FLASHEx_DisableDebugger), (18 bytes).
    Removing stm32g4xx_hal_flash_ex.o(.ARM.exidx.text.HAL_FLASHEx_DisableDebugger), (8 bytes).
    Removing stm32g4xx_hal_flash_ramfunc.o(.text), (0 bytes).
    Removing stm32g4xx_hal_flash_ramfunc.o(.text.HAL_FLASHEx_EnableRunPowerDown), (40 bytes).
    Removing stm32g4xx_hal_flash_ramfunc.o(.ARM.exidx.text.HAL_FLASHEx_EnableRunPowerDown), (8 bytes).
    Removing stm32g4xx_hal_flash_ramfunc.o(.text.HAL_FLASHEx_DisableRunPowerDown), (40 bytes).
    Removing stm32g4xx_hal_flash_ramfunc.o(.ARM.exidx.text.HAL_FLASHEx_DisableRunPowerDown), (8 bytes).
    Removing stm32g4xx_hal_gpio.o(.text), (0 bytes).
    Removing stm32g4xx_hal_gpio.o(.ARM.exidx.text.HAL_GPIO_Init), (8 bytes).
    Removing stm32g4xx_hal_gpio.o(.text.HAL_GPIO_DeInit), (262 bytes).
    Removing stm32g4xx_hal_gpio.o(.ARM.exidx.text.HAL_GPIO_DeInit), (8 bytes).
    Removing stm32g4xx_hal_gpio.o(.ARM.exidx.text.HAL_GPIO_ReadPin), (8 bytes).
    Removing stm32g4xx_hal_gpio.o(.ARM.exidx.text.HAL_GPIO_WritePin), (8 bytes).
    Removing stm32g4xx_hal_gpio.o(.text.HAL_GPIO_TogglePin), (16 bytes).
    Removing stm32g4xx_hal_gpio.o(.ARM.exidx.text.HAL_GPIO_TogglePin), (8 bytes).
    Removing stm32g4xx_hal_gpio.o(.text.HAL_GPIO_LockPin), (40 bytes).
    Removing stm32g4xx_hal_gpio.o(.ARM.exidx.text.HAL_GPIO_LockPin), (8 bytes).
    Removing stm32g4xx_hal_gpio.o(.text.HAL_GPIO_EXTI_IRQHandler), (22 bytes).
    Removing stm32g4xx_hal_gpio.o(.ARM.exidx.text.HAL_GPIO_EXTI_IRQHandler), (8 bytes).
    Removing stm32g4xx_hal_gpio.o(.text.HAL_GPIO_EXTI_Callback), (2 bytes).
    Removing stm32g4xx_hal_gpio.o(.ARM.exidx.text.HAL_GPIO_EXTI_Callback), (8 bytes).
    Removing stm32g4xx_hal_exti.o(.text), (0 bytes).
    Removing stm32g4xx_hal_exti.o(.text.HAL_EXTI_SetConfigLine), (214 bytes).
    Removing stm32g4xx_hal_exti.o(.ARM.exidx.text.HAL_EXTI_SetConfigLine), (8 bytes).
    Removing stm32g4xx_hal_exti.o(.text.HAL_EXTI_GetConfigLine), (164 bytes).
    Removing stm32g4xx_hal_exti.o(.ARM.exidx.text.HAL_EXTI_GetConfigLine), (8 bytes).
    Removing stm32g4xx_hal_exti.o(.text.HAL_EXTI_ClearConfigLine), (148 bytes).
    Removing stm32g4xx_hal_exti.o(.ARM.exidx.text.HAL_EXTI_ClearConfigLine), (8 bytes).
    Removing stm32g4xx_hal_exti.o(.text.HAL_EXTI_RegisterCallback), (16 bytes).
    Removing stm32g4xx_hal_exti.o(.ARM.exidx.text.HAL_EXTI_RegisterCallback), (8 bytes).
    Removing stm32g4xx_hal_exti.o(.text.HAL_EXTI_GetHandle), (12 bytes).
    Removing stm32g4xx_hal_exti.o(.ARM.exidx.text.HAL_EXTI_GetHandle), (8 bytes).
    Removing stm32g4xx_hal_exti.o(.text.HAL_EXTI_IRQHandler), (58 bytes).
    Removing stm32g4xx_hal_exti.o(.ARM.exidx.text.HAL_EXTI_IRQHandler), (8 bytes).
    Removing stm32g4xx_hal_exti.o(.text.HAL_EXTI_GetPending), (32 bytes).
    Removing stm32g4xx_hal_exti.o(.ARM.exidx.text.HAL_EXTI_GetPending), (8 bytes).
    Removing stm32g4xx_hal_exti.o(.text.HAL_EXTI_ClearPending), (30 bytes).
    Removing stm32g4xx_hal_exti.o(.ARM.exidx.text.HAL_EXTI_ClearPending), (8 bytes).
    Removing stm32g4xx_hal_exti.o(.text.HAL_EXTI_GenerateSWI), (30 bytes).
    Removing stm32g4xx_hal_exti.o(.ARM.exidx.text.HAL_EXTI_GenerateSWI), (8 bytes).
    Removing stm32g4xx_hal_dma.o(.text), (0 bytes).
    Removing stm32g4xx_hal_dma.o(.text.HAL_DMA_Init), (298 bytes).
    Removing stm32g4xx_hal_dma.o(.ARM.exidx.text.HAL_DMA_Init), (8 bytes).
    Removing stm32g4xx_hal_dma.o(.text.HAL_DMA_DeInit), (242 bytes).
    Removing stm32g4xx_hal_dma.o(.ARM.exidx.text.HAL_DMA_DeInit), (8 bytes).
    Removing stm32g4xx_hal_dma.o(.text.HAL_DMA_Start), (150 bytes).
    Removing stm32g4xx_hal_dma.o(.ARM.exidx.text.HAL_DMA_Start), (8 bytes).
    Removing stm32g4xx_hal_dma.o(.text.HAL_DMA_Start_IT), (228 bytes).
    Removing stm32g4xx_hal_dma.o(.ARM.exidx.text.HAL_DMA_Start_IT), (8 bytes).
    Removing stm32g4xx_hal_dma.o(.text.HAL_DMA_Abort), (112 bytes).
    Removing stm32g4xx_hal_dma.o(.ARM.exidx.text.HAL_DMA_Abort), (8 bytes).
    Removing stm32g4xx_hal_dma.o(.text.HAL_DMA_Abort_IT), (124 bytes).
    Removing stm32g4xx_hal_dma.o(.ARM.exidx.text.HAL_DMA_Abort_IT), (8 bytes).
    Removing stm32g4xx_hal_dma.o(.text.HAL_DMA_PollForTransfer), (368 bytes).
    Removing stm32g4xx_hal_dma.o(.ARM.exidx.text.HAL_DMA_PollForTransfer), (8 bytes).
    Removing stm32g4xx_hal_dma.o(.text.HAL_DMA_IRQHandler), (170 bytes).
    Removing stm32g4xx_hal_dma.o(.ARM.exidx.text.HAL_DMA_IRQHandler), (8 bytes).
    Removing stm32g4xx_hal_dma.o(.text.HAL_DMA_RegisterCallback), (86 bytes).
    Removing stm32g4xx_hal_dma.o(.ARM.exidx.text.HAL_DMA_RegisterCallback), (8 bytes).
    Removing stm32g4xx_hal_dma.o(.text.HAL_DMA_UnRegisterCallback), (120 bytes).
    Removing stm32g4xx_hal_dma.o(.ARM.exidx.text.HAL_DMA_UnRegisterCallback), (8 bytes).
    Removing stm32g4xx_hal_dma.o(.text.HAL_DMA_GetState), (6 bytes).
    Removing stm32g4xx_hal_dma.o(.ARM.exidx.text.HAL_DMA_GetState), (8 bytes).
    Removing stm32g4xx_hal_dma.o(.text.HAL_DMA_GetError), (4 bytes).
    Removing stm32g4xx_hal_dma.o(.ARM.exidx.text.HAL_DMA_GetError), (8 bytes).
    Removing stm32g4xx_hal_dma_ex.o(.text), (0 bytes).
    Removing stm32g4xx_hal_dma_ex.o(.text.HAL_DMAEx_ConfigMuxSync), (86 bytes).
    Removing stm32g4xx_hal_dma_ex.o(.ARM.exidx.text.HAL_DMAEx_ConfigMuxSync), (8 bytes).
    Removing stm32g4xx_hal_dma_ex.o(.text.HAL_DMAEx_ConfigMuxRequestGenerator), (64 bytes).
    Removing stm32g4xx_hal_dma_ex.o(.ARM.exidx.text.HAL_DMAEx_ConfigMuxRequestGenerator), (8 bytes).
    Removing stm32g4xx_hal_dma_ex.o(.text.HAL_DMAEx_EnableMuxRequestGenerator), (28 bytes).
    Removing stm32g4xx_hal_dma_ex.o(.ARM.exidx.text.HAL_DMAEx_EnableMuxRequestGenerator), (8 bytes).
    Removing stm32g4xx_hal_dma_ex.o(.text.HAL_DMAEx_DisableMuxRequestGenerator), (28 bytes).
    Removing stm32g4xx_hal_dma_ex.o(.ARM.exidx.text.HAL_DMAEx_DisableMuxRequestGenerator), (8 bytes).
    Removing stm32g4xx_hal_dma_ex.o(.text.HAL_DMAEx_MUX_IRQHandler), (98 bytes).
    Removing stm32g4xx_hal_dma_ex.o(.ARM.exidx.text.HAL_DMAEx_MUX_IRQHandler), (8 bytes).
    Removing stm32g4xx_hal_pwr.o(.text), (0 bytes).
    Removing stm32g4xx_hal_pwr.o(.text.HAL_PWR_DeInit), (26 bytes).
    Removing stm32g4xx_hal_pwr.o(.ARM.exidx.text.HAL_PWR_DeInit), (8 bytes).
    Removing stm32g4xx_hal_pwr.o(.text.HAL_PWR_EnableBkUpAccess), (18 bytes).
    Removing stm32g4xx_hal_pwr.o(.ARM.exidx.text.HAL_PWR_EnableBkUpAccess), (8 bytes).
    Removing stm32g4xx_hal_pwr.o(.text.HAL_PWR_DisableBkUpAccess), (18 bytes).
    Removing stm32g4xx_hal_pwr.o(.ARM.exidx.text.HAL_PWR_DisableBkUpAccess), (8 bytes).
    Removing stm32g4xx_hal_pwr.o(.text.HAL_PWR_ConfigPVD), (136 bytes).
    Removing stm32g4xx_hal_pwr.o(.ARM.exidx.text.HAL_PWR_ConfigPVD), (8 bytes).
    Removing stm32g4xx_hal_pwr.o(.text.HAL_PWR_EnablePVD), (18 bytes).
    Removing stm32g4xx_hal_pwr.o(.ARM.exidx.text.HAL_PWR_EnablePVD), (8 bytes).
    Removing stm32g4xx_hal_pwr.o(.text.HAL_PWR_DisablePVD), (18 bytes).
    Removing stm32g4xx_hal_pwr.o(.ARM.exidx.text.HAL_PWR_DisablePVD), (8 bytes).
    Removing stm32g4xx_hal_pwr.o(.text.HAL_PWR_EnableWakeUpPin), (30 bytes).
    Removing stm32g4xx_hal_pwr.o(.ARM.exidx.text.HAL_PWR_EnableWakeUpPin), (8 bytes).
    Removing stm32g4xx_hal_pwr.o(.text.HAL_PWR_DisableWakeUpPin), (24 bytes).
    Removing stm32g4xx_hal_pwr.o(.ARM.exidx.text.HAL_PWR_DisableWakeUpPin), (8 bytes).
    Removing stm32g4xx_hal_pwr.o(.text.HAL_PWR_EnterSLEEPMode), (68 bytes).
    Removing stm32g4xx_hal_pwr.o(.ARM.exidx.text.HAL_PWR_EnterSLEEPMode), (8 bytes).
    Removing stm32g4xx_hal_pwr.o(.text.HAL_PWR_EnterSTOPMode), (16 bytes).
    Removing stm32g4xx_hal_pwr.o(.ARM.exidx.text.HAL_PWR_EnterSTOPMode), (8 bytes).
    Removing stm32g4xx_hal_pwr.o(.text.HAL_PWR_EnterSTANDBYMode), (38 bytes).
    Removing stm32g4xx_hal_pwr.o(.ARM.exidx.text.HAL_PWR_EnterSTANDBYMode), (8 bytes).
    Removing stm32g4xx_hal_pwr.o(.text.HAL_PWR_EnableSleepOnExit), (18 bytes).
    Removing stm32g4xx_hal_pwr.o(.ARM.exidx.text.HAL_PWR_EnableSleepOnExit), (8 bytes).
    Removing stm32g4xx_hal_pwr.o(.text.HAL_PWR_DisableSleepOnExit), (18 bytes).
    Removing stm32g4xx_hal_pwr.o(.ARM.exidx.text.HAL_PWR_DisableSleepOnExit), (8 bytes).
    Removing stm32g4xx_hal_pwr.o(.text.HAL_PWR_EnableSEVOnPend), (18 bytes).
    Removing stm32g4xx_hal_pwr.o(.ARM.exidx.text.HAL_PWR_EnableSEVOnPend), (8 bytes).
    Removing stm32g4xx_hal_pwr.o(.text.HAL_PWR_DisableSEVOnPend), (18 bytes).
    Removing stm32g4xx_hal_pwr.o(.ARM.exidx.text.HAL_PWR_DisableSEVOnPend), (8 bytes).
    Removing stm32g4xx_hal_pwr.o(.text.HAL_PWR_PVDCallback), (2 bytes).
    Removing stm32g4xx_hal_pwr.o(.ARM.exidx.text.HAL_PWR_PVDCallback), (8 bytes).
    Removing stm32g4xx_hal_cortex.o(.text), (0 bytes).
    Removing stm32g4xx_hal_cortex.o(.ARM.exidx.text.HAL_NVIC_SetPriorityGrouping), (8 bytes).
    Removing stm32g4xx_hal_cortex.o(.ARM.exidx.text.HAL_NVIC_SetPriority), (8 bytes).
    Removing stm32g4xx_hal_cortex.o(.ARM.exidx.text.HAL_NVIC_EnableIRQ), (8 bytes).
    Removing stm32g4xx_hal_cortex.o(.text.HAL_NVIC_DisableIRQ), (46 bytes).
    Removing stm32g4xx_hal_cortex.o(.ARM.exidx.text.HAL_NVIC_DisableIRQ), (8 bytes).
    Removing stm32g4xx_hal_cortex.o(.text.HAL_NVIC_SystemReset), (4 bytes).
    Removing stm32g4xx_hal_cortex.o(.ARM.exidx.text.HAL_NVIC_SystemReset), (8 bytes).
    Removing stm32g4xx_hal_cortex.o(.text.__NVIC_SystemReset), (42 bytes).
    Removing stm32g4xx_hal_cortex.o(.ARM.exidx.text.__NVIC_SystemReset), (8 bytes).
    Removing stm32g4xx_hal_cortex.o(.ARM.exidx.text.HAL_SYSTICK_Config), (8 bytes).
    Removing stm32g4xx_hal_cortex.o(.text.HAL_NVIC_GetPriorityGrouping), (16 bytes).
    Removing stm32g4xx_hal_cortex.o(.ARM.exidx.text.HAL_NVIC_GetPriorityGrouping), (8 bytes).
    Removing stm32g4xx_hal_cortex.o(.text.HAL_NVIC_GetPriority), (90 bytes).
    Removing stm32g4xx_hal_cortex.o(.ARM.exidx.text.HAL_NVIC_GetPriority), (8 bytes).
    Removing stm32g4xx_hal_cortex.o(.text.HAL_NVIC_SetPendingIRQ), (38 bytes).
    Removing stm32g4xx_hal_cortex.o(.ARM.exidx.text.HAL_NVIC_SetPendingIRQ), (8 bytes).
    Removing stm32g4xx_hal_cortex.o(.text.HAL_NVIC_GetPendingIRQ), (42 bytes).
    Removing stm32g4xx_hal_cortex.o(.ARM.exidx.text.HAL_NVIC_GetPendingIRQ), (8 bytes).
    Removing stm32g4xx_hal_cortex.o(.text.HAL_NVIC_ClearPendingIRQ), (38 bytes).
    Removing stm32g4xx_hal_cortex.o(.ARM.exidx.text.HAL_NVIC_ClearPendingIRQ), (8 bytes).
    Removing stm32g4xx_hal_cortex.o(.text.HAL_NVIC_GetActive), (42 bytes).
    Removing stm32g4xx_hal_cortex.o(.ARM.exidx.text.HAL_NVIC_GetActive), (8 bytes).
    Removing stm32g4xx_hal_cortex.o(.text.HAL_SYSTICK_CLKSourceConfig), (24 bytes).
    Removing stm32g4xx_hal_cortex.o(.ARM.exidx.text.HAL_SYSTICK_CLKSourceConfig), (8 bytes).
    Removing stm32g4xx_hal_cortex.o(.text.HAL_SYSTICK_IRQHandler), (4 bytes).
    Removing stm32g4xx_hal_cortex.o(.ARM.exidx.text.HAL_SYSTICK_IRQHandler), (8 bytes).
    Removing stm32g4xx_hal_cortex.o(.text.HAL_SYSTICK_Callback), (2 bytes).
    Removing stm32g4xx_hal_cortex.o(.ARM.exidx.text.HAL_SYSTICK_Callback), (8 bytes).
    Removing stm32g4xx_hal_cortex.o(.text.HAL_MPU_Enable), (24 bytes).
    Removing stm32g4xx_hal_cortex.o(.ARM.exidx.text.HAL_MPU_Enable), (8 bytes).
    Removing stm32g4xx_hal_cortex.o(.text.HAL_MPU_Disable), (18 bytes).
    Removing stm32g4xx_hal_cortex.o(.ARM.exidx.text.HAL_MPU_Disable), (8 bytes).
    Removing stm32g4xx_hal_cortex.o(.text.HAL_MPU_ConfigRegion), (96 bytes).
    Removing stm32g4xx_hal_cortex.o(.ARM.exidx.text.HAL_MPU_ConfigRegion), (8 bytes).
    Removing system_stm32g4xx.o(.text), (0 bytes).
    Removing system_stm32g4xx.o(.ARM.exidx.text.SystemInit), (8 bytes).
    Removing system_stm32g4xx.o(.text.SystemCoreClockUpdate), (160 bytes).
    Removing system_stm32g4xx.o(.ARM.exidx.text.SystemCoreClockUpdate), (8 bytes).
    Removing system_stm32g4xx.o(.rodata.APBPrescTable), (8 bytes).
    Removing button.o(.text), (0 bytes).
    Removing button.o(.ARM.exidx.text.read_button_GPIO), (8 bytes).
    Removing button.o(.ARM.exidx.text.btn_Task), (8 bytes).
    Removing button.o(.ARM.exidx.text.BTN1_PRESS_DOWN_Handler), (8 bytes).
    Removing button.o(.ARM.exidx.text.BTN1_PRESS_UP_Handler), (8 bytes).
    Removing button.o(.ARM.exidx.text.BTN2_PRESS_REPEAT_Handler), (8 bytes).
    Removing button.o(.ARM.exidx.text.BTN2_SINGLE_Click_Handler), (8 bytes).
    Removing button.o(.ARM.exidx.text.BTN3_DOUBLE_Click_Handler), (8 bytes).
    Removing button.o(.ARM.exidx.text.BTN3_LONG_PRESS_START_Handler), (8 bytes).
    Removing button.o(.ARM.exidx.text.BTN4_LONG_PRESS_HOLD_Handler), (8 bytes).
    Removing multi_button.o(.text), (0 bytes).
    Removing multi_button.o(.ARM.exidx.text.button_init), (8 bytes).
    Removing multi_button.o(.ARM.exidx.text.button_attach), (8 bytes).
    Removing multi_button.o(.text.get_button_event), (6 bytes).
    Removing multi_button.o(.ARM.exidx.text.get_button_event), (8 bytes).
    Removing multi_button.o(.ARM.exidx.text.button_start), (8 bytes).
    Removing multi_button.o(.text.button_stop), (86 bytes).
    Removing multi_button.o(.ARM.exidx.text.button_stop), (8 bytes).
    Removing multi_button.o(.ARM.exidx.text.button_ticks), (8 bytes).
    Removing gui.o(.text), (0 bytes).
    Removing gui.o(.ARM.exidx.text.GuiInit), (8 bytes).
    Removing gui.o(.ARM.exidx.text.GuiShowNum), (8 bytes).
    Removing lcd_hal.o(.text), (0 bytes).
    Removing lcd_hal.o(.text.Delay_LCD), (2 bytes).
    Removing lcd_hal.o(.ARM.exidx.text.Delay_LCD), (8 bytes).
    Removing lcd_hal.o(.ARM.exidx.text.REG_8230_Init), (8 bytes).
    Removing lcd_hal.o(.text.LCD_WriteReg), (102 bytes).
    Removing lcd_hal.o(.ARM.exidx.text.LCD_WriteReg), (8 bytes).
    Removing lcd_hal.o(.ARM.exidx.text.REG_932X_Init), (8 bytes).
    Removing lcd_hal.o(.ARM.exidx.text.LCD_Init), (8 bytes).
    Removing lcd_hal.o(.text.LCD_CtrlLinesConfig), (174 bytes).
    Removing lcd_hal.o(.ARM.exidx.text.LCD_CtrlLinesConfig), (8 bytes).
    Removing lcd_hal.o(.text.LCD_ReadReg), (190 bytes).
    Removing lcd_hal.o(.ARM.exidx.text.LCD_ReadReg), (8 bytes).
    Removing lcd_hal.o(.text.LCD_SetTextColor), (24 bytes).
    Removing lcd_hal.o(.ARM.exidx.text.LCD_SetTextColor), (8 bytes).
    Removing lcd_hal.o(.text.LCD_SetBackColor), (24 bytes).
    Removing lcd_hal.o(.ARM.exidx.text.LCD_SetBackColor), (8 bytes).
    Removing lcd_hal.o(.text.LCD_ClearLine), (222 bytes).
    Removing lcd_hal.o(.ARM.exidx.text.LCD_ClearLine), (8 bytes).
    Removing lcd_hal.o(.ARM.exidx.text.LCD_DisplayStringLine), (8 bytes).
    Removing lcd_hal.o(.text.LCD_Clear), (644 bytes).
    Removing lcd_hal.o(.ARM.exidx.text.LCD_Clear), (8 bytes).
    Removing lcd_hal.o(.text.LCD_SetCursor), (198 bytes).
    Removing lcd_hal.o(.ARM.exidx.text.LCD_SetCursor), (8 bytes).
    Removing lcd_hal.o(.text.LCD_WriteRAM_Prepare), (84 bytes).
    Removing lcd_hal.o(.ARM.exidx.text.LCD_WriteRAM_Prepare), (8 bytes).
    Removing lcd_hal.o(.text.LCD_WriteRAM), (82 bytes).
    Removing lcd_hal.o(.ARM.exidx.text.LCD_WriteRAM), (8 bytes).
    Removing lcd_hal.o(.ARM.exidx.text.LCD_DrawChar), (8 bytes).
    Removing lcd_hal.o(.text.LCD_DisplayChar), (26 bytes).
    Removing lcd_hal.o(.ARM.exidx.text.LCD_DisplayChar), (8 bytes).
    Removing lcd_hal.o(.text.LCD_SetDisplayWindow), (996 bytes).
    Removing lcd_hal.o(.ARM.exidx.text.LCD_SetDisplayWindow), (8 bytes).
    Removing lcd_hal.o(.text.LCD_WindowModeDisable), (126 bytes).
    Removing lcd_hal.o(.ARM.exidx.text.LCD_WindowModeDisable), (8 bytes).
    Removing lcd_hal.o(.text.LCD_DrawLine), (1656 bytes).
    Removing lcd_hal.o(.ARM.exidx.text.LCD_DrawLine), (8 bytes).
    Removing lcd_hal.o(.text.LCD_DrawRect), (68 bytes).
    Removing lcd_hal.o(.ARM.exidx.text.LCD_DrawRect), (8 bytes).
    Removing lcd_hal.o(.text.LCD_DrawCircle), (2862 bytes).
    Removing lcd_hal.o(.ARM.exidx.text.LCD_DrawCircle), (8 bytes).
    Removing lcd_hal.o(.text.LCD_DrawMonoPict), (672 bytes).
    Removing lcd_hal.o(.ARM.exidx.text.LCD_DrawMonoPict), (8 bytes).
    Removing lcd_hal.o(.text.LCD_WriteBMP), (870 bytes).
    Removing lcd_hal.o(.ARM.exidx.text.LCD_WriteBMP), (8 bytes).
    Removing lcd_hal.o(.text.LCD_BusIn), (40 bytes).
    Removing lcd_hal.o(.ARM.exidx.text.LCD_BusIn), (8 bytes).
    Removing lcd_hal.o(.text.LCD_BusOut), (42 bytes).
    Removing lcd_hal.o(.ARM.exidx.text.LCD_BusOut), (8 bytes).
    Removing lcd_hal.o(.text.LCD_ReadRAM), (192 bytes).
    Removing lcd_hal.o(.ARM.exidx.text.LCD_ReadRAM), (8 bytes).
    Removing lcd_hal.o(.text.LCD_PowerOn), (970 bytes).
    Removing lcd_hal.o(.ARM.exidx.text.LCD_PowerOn), (8 bytes).
    Removing lcd_hal.o(.text.LCD_DisplayOn), (108 bytes).
    Removing lcd_hal.o(.ARM.exidx.text.LCD_DisplayOn), (8 bytes).
    Removing lcd_hal.o(.text.LCD_DisplayOff), (106 bytes).
    Removing lcd_hal.o(.ARM.exidx.text.LCD_DisplayOff), (8 bytes).
    Removing lcd_hal.o(.text.LCD_DrawPicture), (598 bytes).
    Removing lcd_hal.o(.ARM.exidx.text.LCD_DrawPicture), (8 bytes).
    Removing dadd.o(.text), (334 bytes).
    Removing dmul.o(.text), (228 bytes).
    Removing ddiv.o(.text), (222 bytes).
    Removing dfixul.o(.text), (48 bytes).
    Removing cdrcmple.o(.text), (48 bytes).
    Removing depilogue.o(.text), (186 bytes).

857 unused section(s) (total 55284 bytes) removed from the image.

==============================================================================

Image Symbol Table

    Local Symbols

    Symbol Name                              Value     Ov Type        Size  Object(Section)

    ../clib/division.s                       0x00000000   Number         0  aeabi_sdiv.o ABSOLUTE
    ../clib/microlib/division.c              0x00000000   Number         0  uidiv.o ABSOLUTE
    ../clib/microlib/division.c              0x00000000   Number         0  uldiv.o ABSOLUTE
    ../clib/microlib/init/entry.s            0x00000000   Number         0  entry.o ABSOLUTE
    ../clib/microlib/init/entry.s            0x00000000   Number         0  entry2.o ABSOLUTE
    ../clib/microlib/init/entry.s            0x00000000   Number         0  entry5.o ABSOLUTE
    ../clib/microlib/init/entry.s            0x00000000   Number         0  entry7a.o ABSOLUTE
    ../clib/microlib/init/entry.s            0x00000000   Number         0  entry7b.o ABSOLUTE
    ../clib/microlib/init/entry.s            0x00000000   Number         0  entry8a.o ABSOLUTE
    ../clib/microlib/init/entry.s            0x00000000   Number         0  entry8b.o ABSOLUTE
    ../clib/microlib/init/entry.s            0x00000000   Number         0  entry9a.o ABSOLUTE
    ../clib/microlib/init/entry.s            0x00000000   Number         0  entry9b.o ABSOLUTE
    ../clib/microlib/init/entry.s            0x00000000   Number         0  entry10a.o ABSOLUTE
    ../clib/microlib/init/entry.s            0x00000000   Number         0  entry10b.o ABSOLUTE
    ../clib/microlib/init/entry.s            0x00000000   Number         0  entry11a.o ABSOLUTE
    ../clib/microlib/init/entry.s            0x00000000   Number         0  entry11b.o ABSOLUTE
    ../clib/microlib/longlong.c              0x00000000   Number         0  llshl.o ABSOLUTE
    ../clib/microlib/longlong.c              0x00000000   Number         0  llushr.o ABSOLUTE
    ../clib/microlib/longlong.c              0x00000000   Number         0  llsshr.o ABSOLUTE
    ../clib/microlib/printf/printf.c         0x00000000   Number         0  printfb.o ABSOLUTE
    ../clib/microlib/printf/printf.c         0x00000000   Number         0  printf0.o ABSOLUTE
    ../clib/microlib/printf/printf.c         0x00000000   Number         0  printf1.o ABSOLUTE
    ../clib/microlib/printf/printf.c         0x00000000   Number         0  printf2.o ABSOLUTE
    ../clib/microlib/printf/printf.c         0x00000000   Number         0  printf3.o ABSOLUTE
    ../clib/microlib/printf/printf.c         0x00000000   Number         0  printf4.o ABSOLUTE
    ../clib/microlib/printf/printf.c         0x00000000   Number         0  printf5.o ABSOLUTE
    ../clib/microlib/printf/printf.c         0x00000000   Number         0  printf6.o ABSOLUTE
    ../clib/microlib/printf/printf.c         0x00000000   Number         0  printf7.o ABSOLUTE
    ../clib/microlib/printf/printf.c         0x00000000   Number         0  printf8.o ABSOLUTE
    ../clib/microlib/printf/printf.c         0x00000000   Number         0  printfa.o ABSOLUTE
    ../clib/microlib/printf/stubs.s          0x00000000   Number         0  printfstubs.o ABSOLUTE
    ../clib/microlib/stdio/fputc.c           0x00000000   Number         0  fputc.o ABSOLUTE
    ../clib/microlib/stdio/fputc.c           0x00000000   Number         0  fputc_h.o ABSOLUTE
    ../clib/microlib/stdio/semi.s            0x00000000   Number         0  semi.o ABSOLUTE
    ../clib/microlib/stdio/streams.c         0x00000000   Number         0  stdout.o ABSOLUTE
    ../clib/microlib/string/memset.c         0x00000000   Number         0  memseta.o ABSOLUTE
    ../clib/microlib/stubs.s                 0x00000000   Number         0  iusefp.o ABSOLUTE
    ../clib/microlib/stubs.s                 0x00000000   Number         0  iusesemip.o ABSOLUTE
    ../fplib/microlib/fpadd.c                0x00000000   Number         0  dadd.o ABSOLUTE
    ../fplib/microlib/fpdiv.c                0x00000000   Number         0  ddiv.o ABSOLUTE
    ../fplib/microlib/fpepilogue.c           0x00000000   Number         0  depilogue.o ABSOLUTE
    ../fplib/microlib/fpfix.c                0x00000000   Number         0  dfixul.o ABSOLUTE
    ../fplib/microlib/fpmul.c                0x00000000   Number         0  dmul.o ABSOLUTE
    button.c                                 0x00000000   Number         0  button.o ABSOLUTE
    cdrcmple.s                               0x00000000   Number         0  cdrcmple.o ABSOLUTE
    dc.s                                     0x00000000   Number         0  dc.o ABSOLUTE
    gpio.c                                   0x00000000   Number         0  gpio.o ABSOLUTE
    gui.c                                    0x00000000   Number         0  gui.o ABSOLUTE
    handlers.s                               0x00000000   Number         0  handlers.o ABSOLUTE
    init.s                                   0x00000000   Number         0  init.o ABSOLUTE
    lcd_hal.c                                0x00000000   Number         0  lcd_hal.o ABSOLUTE
    main.c                                   0x00000000   Number         0  main.o ABSOLUTE
    multi_button.c                           0x00000000   Number         0  multi_button.o ABSOLUTE
    startup_stm32g431xx.s                    0x00000000   Number         0  startup_stm32g431xx.o ABSOLUTE
    stm32g4xx_hal.c                          0x00000000   Number         0  stm32g4xx_hal.o ABSOLUTE
    stm32g4xx_hal_cortex.c                   0x00000000   Number         0  stm32g4xx_hal_cortex.o ABSOLUTE
    stm32g4xx_hal_dma.c                      0x00000000   Number         0  stm32g4xx_hal_dma.o ABSOLUTE
    stm32g4xx_hal_dma_ex.c                   0x00000000   Number         0  stm32g4xx_hal_dma_ex.o ABSOLUTE
    stm32g4xx_hal_exti.c                     0x00000000   Number         0  stm32g4xx_hal_exti.o ABSOLUTE
    stm32g4xx_hal_flash.c                    0x00000000   Number         0  stm32g4xx_hal_flash.o ABSOLUTE
    stm32g4xx_hal_flash_ex.c                 0x00000000   Number         0  stm32g4xx_hal_flash_ex.o ABSOLUTE
    stm32g4xx_hal_flash_ramfunc.c            0x00000000   Number         0  stm32g4xx_hal_flash_ramfunc.o ABSOLUTE
    stm32g4xx_hal_gpio.c                     0x00000000   Number         0  stm32g4xx_hal_gpio.o ABSOLUTE
    stm32g4xx_hal_msp.c                      0x00000000   Number         0  stm32g4xx_hal_msp.o ABSOLUTE
    stm32g4xx_hal_pwr.c                      0x00000000   Number         0  stm32g4xx_hal_pwr.o ABSOLUTE
    stm32g4xx_hal_pwr_ex.c                   0x00000000   Number         0  stm32g4xx_hal_pwr_ex.o ABSOLUTE
    stm32g4xx_hal_rcc.c                      0x00000000   Number         0  stm32g4xx_hal_rcc.o ABSOLUTE
    stm32g4xx_hal_rcc_ex.c                   0x00000000   Number         0  stm32g4xx_hal_rcc_ex.o ABSOLUTE
    stm32g4xx_hal_tim.c                      0x00000000   Number         0  stm32g4xx_hal_tim.o ABSOLUTE
    stm32g4xx_hal_tim_ex.c                   0x00000000   Number         0  stm32g4xx_hal_tim_ex.o ABSOLUTE
    stm32g4xx_it.c                           0x00000000   Number         0  stm32g4xx_it.o ABSOLUTE
    system_stm32g4xx.c                       0x00000000   Number         0  system_stm32g4xx.o ABSOLUTE
    tim.c                                    0x00000000   Number         0  tim.o ABSOLUTE
    RESET                                    0x08000000   Section      472  startup_stm32g431xx.o(RESET)
    .ARM.Collect$$$$00000000                 0x080001d8   Section        0  entry.o(.ARM.Collect$$$$00000000)
    .ARM.Collect$$$$00000001                 0x080001d8   Section        4  entry2.o(.ARM.Collect$$$$00000001)
    .ARM.Collect$$$$00000004                 0x080001dc   Section        4  entry5.o(.ARM.Collect$$$$00000004)
    .ARM.Collect$$$$00000008                 0x080001e0   Section        0  entry7b.o(.ARM.Collect$$$$00000008)
    .ARM.Collect$$$$0000000A                 0x080001e0   Section        0  entry8b.o(.ARM.Collect$$$$0000000A)
    .ARM.Collect$$$$0000000B                 0x080001e0   Section        8  entry9a.o(.ARM.Collect$$$$0000000B)
    __lit__00000000                          0x080001e8   Data           4  entry2.o(.ARM.Collect$$$$00002712)
    .ARM.Collect$$$$0000000D                 0x080001e8   Section        0  entry10a.o(.ARM.Collect$$$$0000000D)
    .ARM.Collect$$$$0000000F                 0x080001e8   Section        0  entry11a.o(.ARM.Collect$$$$0000000F)
    .ARM.Collect$$$$00002712                 0x080001e8   Section        4  entry2.o(.ARM.Collect$$$$00002712)
    $v0                                      0x080001ec   Number         0  startup_stm32g431xx.o(.text)
    .text                                    0x080001ec   Section       36  startup_stm32g431xx.o(.text)
    .text                                    0x08000210   Section        0  memseta.o(.text)
    .text                                    0x08000234   Section        0  uidiv.o(.text)
    .text                                    0x08000260   Section       36  init.o(.text)
    [Anonymous Symbol]                       0x08000284   Section        0  button.o(.text.BTN1_PRESS_DOWN_Handler)
    [Anonymous Symbol]                       0x08000298   Section        0  button.o(.text.BTN1_PRESS_UP_Handler)
    [Anonymous Symbol]                       0x080002ac   Section        0  button.o(.text.BTN2_PRESS_REPEAT_Handler)
    [Anonymous Symbol]                       0x080002c0   Section        0  button.o(.text.BTN2_SINGLE_Click_Handler)
    [Anonymous Symbol]                       0x080002d4   Section        0  button.o(.text.BTN3_DOUBLE_Click_Handler)
    [Anonymous Symbol]                       0x080002e8   Section        0  button.o(.text.BTN3_LONG_PRESS_START_Handler)
    [Anonymous Symbol]                       0x080002fc   Section        0  button.o(.text.BTN4_LONG_PRESS_HOLD_Handler)
    [Anonymous Symbol]                       0x08000310   Section        0  stm32g4xx_it.o(.text.BusFault_Handler)
    [Anonymous Symbol]                       0x08000314   Section        0  stm32g4xx_it.o(.text.DebugMon_Handler)
    [Anonymous Symbol]                       0x08000318   Section        0  main.o(.text.Error_Handler)
    [Anonymous Symbol]                       0x08000324   Section        0  gui.o(.text.GuiInit)
    [Anonymous Symbol]                       0x080003b0   Section        0  gui.o(.text.GuiShowNum)
    [Anonymous Symbol]                       0x08000420   Section        0  stm32g4xx_hal.o(.text.HAL_Delay)
    [Anonymous Symbol]                       0x08000448   Section        0  stm32g4xx_hal_gpio.o(.text.HAL_GPIO_Init)
    [Anonymous Symbol]                       0x080005f4   Section        0  stm32g4xx_hal_gpio.o(.text.HAL_GPIO_ReadPin)
    [Anonymous Symbol]                       0x08000600   Section        0  stm32g4xx_hal_gpio.o(.text.HAL_GPIO_WritePin)
    [Anonymous Symbol]                       0x0800060c   Section        0  stm32g4xx_hal.o(.text.HAL_GetTick)
    [Anonymous Symbol]                       0x08000618   Section        0  stm32g4xx_hal.o(.text.HAL_IncTick)
    [Anonymous Symbol]                       0x08000634   Section        0  stm32g4xx_hal.o(.text.HAL_Init)
    [Anonymous Symbol]                       0x08000654   Section        0  stm32g4xx_hal.o(.text.HAL_InitTick)
    [Anonymous Symbol]                       0x080006a0   Section        0  stm32g4xx_hal_msp.o(.text.HAL_MspInit)
    [Anonymous Symbol]                       0x080006d4   Section        0  stm32g4xx_hal_cortex.o(.text.HAL_NVIC_EnableIRQ)
    [Anonymous Symbol]                       0x080006fc   Section        0  stm32g4xx_hal_cortex.o(.text.HAL_NVIC_SetPriority)
    [Anonymous Symbol]                       0x08000754   Section        0  stm32g4xx_hal_cortex.o(.text.HAL_NVIC_SetPriorityGrouping)
    [Anonymous Symbol]                       0x08000774   Section        0  stm32g4xx_hal_pwr_ex.o(.text.HAL_PWREx_ControlVoltageScaling)
    [Anonymous Symbol]                       0x0800089c   Section        0  stm32g4xx_hal_pwr_ex.o(.text.HAL_PWREx_DisableUCPDDeadBattery)
    [Anonymous Symbol]                       0x080008b0   Section        0  stm32g4xx_hal_rcc.o(.text.HAL_RCC_ClockConfig)
    [Anonymous Symbol]                       0x08000bc4   Section        0  stm32g4xx_hal_rcc.o(.text.HAL_RCC_OscConfig)
    [Anonymous Symbol]                       0x08001074   Section        0  stm32g4xx_hal_cortex.o(.text.HAL_SYSTICK_Config)
    [Anonymous Symbol]                       0x080010a0   Section        0  stm32g4xx_hal_tim_ex.o(.text.HAL_TIMEx_Break2Callback)
    [Anonymous Symbol]                       0x080010a4   Section        0  stm32g4xx_hal_tim_ex.o(.text.HAL_TIMEx_BreakCallback)
    [Anonymous Symbol]                       0x080010a8   Section        0  stm32g4xx_hal_tim_ex.o(.text.HAL_TIMEx_CommutCallback)
    [Anonymous Symbol]                       0x080010ac   Section        0  stm32g4xx_hal_tim_ex.o(.text.HAL_TIMEx_DirectionChangeCallback)
    [Anonymous Symbol]                       0x080010b0   Section        0  stm32g4xx_hal_tim_ex.o(.text.HAL_TIMEx_EncoderIndexCallback)
    [Anonymous Symbol]                       0x080010b4   Section        0  stm32g4xx_hal_tim_ex.o(.text.HAL_TIMEx_IndexErrorCallback)
    [Anonymous Symbol]                       0x080010b8   Section        0  stm32g4xx_hal_tim_ex.o(.text.HAL_TIMEx_MasterConfigSynchronization)
    [Anonymous Symbol]                       0x0800115c   Section        0  stm32g4xx_hal_tim_ex.o(.text.HAL_TIMEx_TransitionErrorCallback)
    [Anonymous Symbol]                       0x08001160   Section        0  stm32g4xx_hal_tim.o(.text.HAL_TIM_Base_Init)
    [Anonymous Symbol]                       0x080011c4   Section        0  tim.o(.text.HAL_TIM_Base_MspInit)
    [Anonymous Symbol]                       0x0800120c   Section        0  stm32g4xx_hal_tim.o(.text.HAL_TIM_Base_Start_IT)
    [Anonymous Symbol]                       0x080012a0   Section        0  stm32g4xx_hal_tim.o(.text.HAL_TIM_IC_CaptureCallback)
    [Anonymous Symbol]                       0x080012a4   Section        0  stm32g4xx_hal_tim.o(.text.HAL_TIM_IRQHandler)
    [Anonymous Symbol]                       0x080014b4   Section        0  stm32g4xx_hal_tim.o(.text.HAL_TIM_OC_DelayElapsedCallback)
    [Anonymous Symbol]                       0x080014b8   Section        0  stm32g4xx_hal_tim.o(.text.HAL_TIM_PWM_PulseFinishedCallback)
    [Anonymous Symbol]                       0x080014bc   Section        0  tim.o(.text.HAL_TIM_PeriodElapsedCallback)
    [Anonymous Symbol]                       0x080014d0   Section        0  stm32g4xx_hal_tim.o(.text.HAL_TIM_TriggerCallback)
    [Anonymous Symbol]                       0x080014d4   Section        0  stm32g4xx_it.o(.text.HardFault_Handler)
    [Anonymous Symbol]                       0x080014d8   Section        0  lcd_hal.o(.text.LCD_DisplayStringLine)
    [Anonymous Symbol]                       0x08001524   Section        0  lcd_hal.o(.text.LCD_DrawChar)
    [Anonymous Symbol]                       0x08001884   Section        0  lcd_hal.o(.text.LCD_Init)
    [Anonymous Symbol]                       0x08001ab4   Section        0  gpio.o(.text.MX_GPIO_Init)
    [Anonymous Symbol]                       0x08001b4c   Section        0  tim.o(.text.MX_TIM6_Init)
    [Anonymous Symbol]                       0x08001ba8   Section        0  stm32g4xx_it.o(.text.MemManage_Handler)
    [Anonymous Symbol]                       0x08001bac   Section        0  stm32g4xx_it.o(.text.NMI_Handler)
    [Anonymous Symbol]                       0x08001bb0   Section        0  stm32g4xx_it.o(.text.PendSV_Handler)
    [Anonymous Symbol]                       0x08001bb4   Section        0  lcd_hal.o(.text.REG_8230_Init)
    [Anonymous Symbol]                       0x0800269c   Section        0  lcd_hal.o(.text.REG_932X_Init)
    [Anonymous Symbol]                       0x08003bbc   Section        0  stm32g4xx_it.o(.text.SVC_Handler)
    [Anonymous Symbol]                       0x08003bc0   Section        0  stm32g4xx_it.o(.text.SysTick_Handler)
    [Anonymous Symbol]                       0x08003bc4   Section        0  system_stm32g4xx.o(.text.SystemInit)
    [Anonymous Symbol]                       0x08003bd8   Section        0  stm32g4xx_it.o(.text.TIM6_DAC_IRQHandler)
    [Anonymous Symbol]                       0x08003be4   Section        0  stm32g4xx_hal_tim.o(.text.TIM_Base_SetConfig)
    [Anonymous Symbol]                       0x08003cf0   Section        0  stm32g4xx_it.o(.text.UsageFault_Handler)
    [Anonymous Symbol]                       0x08003cf4   Section        0  button.o(.text.btn_Task)
    [Anonymous Symbol]                       0x08003dd4   Section        0  multi_button.o(.text.button_attach)
    [Anonymous Symbol]                       0x08003ddc   Section        0  multi_button.o(.text.button_init)
    [Anonymous Symbol]                       0x08003e14   Section        0  multi_button.o(.text.button_start)
    [Anonymous Symbol]                       0x08003e5c   Section        0  multi_button.o(.text.button_ticks)
    [Anonymous Symbol]                       0x08004054   Section        0  main.o(.text.main)
    [Anonymous Symbol]                       0x080040d8   Section        0  button.o(.text.read_button_GPIO)
    i.__0sprintf$6                           0x08004124   Section        0  printf6.o(i.__0sprintf$6)
    i.__scatterload_copy                     0x0800414c   Section       14  handlers.o(i.__scatterload_copy)
    i.__scatterload_null                     0x0800415a   Section        2  handlers.o(i.__scatterload_null)
    i.__scatterload_zeroinit                 0x0800415c   Section       14  handlers.o(i.__scatterload_zeroinit)
    _printf_core                             0x0800416d   Thumb Code   748  printf6.o(i._printf_core)
    i._printf_core                           0x0800416c   Section        0  printf6.o(i._printf_core)
    _printf_post_padding                     0x0800445d   Thumb Code    36  printf6.o(i._printf_post_padding)
    i._printf_post_padding                   0x0800445c   Section        0  printf6.o(i._printf_post_padding)
    _printf_pre_padding                      0x08004481   Thumb Code    46  printf6.o(i._printf_pre_padding)
    i._printf_pre_padding                    0x08004480   Section        0  printf6.o(i._printf_pre_padding)
    _sputc                                   0x080044af   Thumb Code    10  printf6.o(i._sputc)
    i._sputc                                 0x080044ae   Section        0  printf6.o(i._sputc)
    .L.str.1                                 0x08005698   Data          25  gui.o(.rodata.str1.1)
    [Anonymous Symbol]                       0x08005698   Section        0  gui.o(.rodata.str1.1)
    .L.str.2                                 0x080056b1   Data          25  gui.o(.rodata.str1.1)
    .L.str.3                                 0x080056ca   Data          25  gui.o(.rodata.str1.1)
    .L.str.4                                 0x080056e3   Data          25  gui.o(.rodata.str1.1)
    .L_MergedGlobals                         0x20000000   Data           8  stm32g4xx_hal.o(.data..L_MergedGlobals)
    [Anonymous Symbol]                       0x20000000   Section        0  stm32g4xx_hal.o(.data..L_MergedGlobals)
    BackColor                                0x20000008   Data           2  lcd_hal.o(.data.BackColor)
    [Anonymous Symbol]                       0x20000008   Section        0  lcd_hal.o(.data.BackColor)
    .L_MergedGlobals                         0x20000010   Data          88  button.o(.bss..L_MergedGlobals)
    [Anonymous Symbol]                       0x20000010   Section        0  button.o(.bss..L_MergedGlobals)
    .L_MergedGlobals.1                       0x20000068   Data          88  button.o(.bss..L_MergedGlobals.1)
    [Anonymous Symbol]                       0x20000068   Section        0  button.o(.bss..L_MergedGlobals.1)
    GuiShowNum.str                           0x200000c0   Data          24  gui.o(.bss.GuiShowNum.str)
    [Anonymous Symbol]                       0x200000c0   Section        0  gui.o(.bss.GuiShowNum.str)
    TextColor                                0x200000d8   Data           2  lcd_hal.o(.bss.TextColor)
    [Anonymous Symbol]                       0x200000d8   Section        0  lcd_hal.o(.bss.TextColor)
    head_handle                              0x200000dc   Data           4  multi_button.o(.bss.head_handle)
    [Anonymous Symbol]                       0x200000dc   Section        0  multi_button.o(.bss.head_handle)
    STACK                                    0x20000138   Section     1024  startup_stm32g431xx.o(STACK)

    Global Symbols

    Symbol Name                              Value     Ov Type        Size  Object(Section)

    BuildAttributes$$THM_ISAv4$E$P$D$K$B$S$7EM$VFPi3$EXTD16$VFPS$VFMA$PE$A:L22UL41UL21$X:L11$S22US41US21$IEEE1$IW$~IW$USESV6$~STKCKD$USESV7$~SHL$OTIME$ROPI$EBA8$MICROLIB$REQ8$PRES8$EABIv2 0x00000000   Number         0  anon$$obj.o ABSOLUTE
    _printf_a                                0x00000000   Number         0  printfstubs.o ABSOLUTE
    _printf_c                                0x00000000   Number         0  printfstubs.o ABSOLUTE
    _printf_charcount                        0x00000000   Number         0  printfstubs.o ABSOLUTE
    _printf_d                                0x00000000   Number         0  printfstubs.o ABSOLUTE
    _printf_e                                0x00000000   Number         0  printfstubs.o ABSOLUTE
    _printf_f                                0x00000000   Number         0  printfstubs.o ABSOLUTE
    _printf_flags                            0x00000000   Number         0  printfstubs.o ABSOLUTE
    _printf_fp_dec                           0x00000000   Number         0  printfstubs.o ABSOLUTE
    _printf_fp_hex                           0x00000000   Number         0  printfstubs.o ABSOLUTE
    _printf_g                                0x00000000   Number         0  printfstubs.o ABSOLUTE
    _printf_i                                0x00000000   Number         0  printfstubs.o ABSOLUTE
    _printf_int_dec                          0x00000000   Number         0  printfstubs.o ABSOLUTE
    _printf_l                                0x00000000   Number         0  printfstubs.o ABSOLUTE
    _printf_lc                               0x00000000   Number         0  printfstubs.o ABSOLUTE
    _printf_ll                               0x00000000   Number         0  printfstubs.o ABSOLUTE
    _printf_lld                              0x00000000   Number         0  printfstubs.o ABSOLUTE
    _printf_lli                              0x00000000   Number         0  printfstubs.o ABSOLUTE
    _printf_llo                              0x00000000   Number         0  printfstubs.o ABSOLUTE
    _printf_llu                              0x00000000   Number         0  printfstubs.o ABSOLUTE
    _printf_llx                              0x00000000   Number         0  printfstubs.o ABSOLUTE
    _printf_longlong_dec                     0x00000000   Number         0  printfstubs.o ABSOLUTE
    _printf_longlong_hex                     0x00000000   Number         0  printfstubs.o ABSOLUTE
    _printf_longlong_oct                     0x00000000   Number         0  printfstubs.o ABSOLUTE
    _printf_ls                               0x00000000   Number         0  printfstubs.o ABSOLUTE
    _printf_mbtowc                           0x00000000   Number         0  printfstubs.o ABSOLUTE
    _printf_n                                0x00000000   Number         0  printfstubs.o ABSOLUTE
    _printf_o                                0x00000000   Number         0  printfstubs.o ABSOLUTE
    _printf_p                                0x00000000   Number         0  printfstubs.o ABSOLUTE
    _printf_percent                          0x00000000   Number         0  printfstubs.o ABSOLUTE
    _printf_pre_padding                      0x00000000   Number         0  printfstubs.o ABSOLUTE
    _printf_return_value                     0x00000000   Number         0  printfstubs.o ABSOLUTE
    _printf_s                                0x00000000   Number         0  printfstubs.o ABSOLUTE
    _printf_sizespec                         0x00000000   Number         0  printfstubs.o ABSOLUTE
    _printf_str                              0x00000000   Number         0  printfstubs.o ABSOLUTE
    _printf_truncate_signed                  0x00000000   Number         0  printfstubs.o ABSOLUTE
    _printf_truncate_unsigned                0x00000000   Number         0  printfstubs.o ABSOLUTE
    _printf_u                                0x00000000   Number         0  printfstubs.o ABSOLUTE
    _printf_wc                               0x00000000   Number         0  printfstubs.o ABSOLUTE
    _printf_wctomb                           0x00000000   Number         0  printfstubs.o ABSOLUTE
    _printf_widthprec                        0x00000000   Number         0  printfstubs.o ABSOLUTE
    _printf_x                                0x00000000   Number         0  printfstubs.o ABSOLUTE
    __cpp_initialize__aeabi_                  - Undefined Weak Reference
    __cxa_finalize                            - Undefined Weak Reference
    __decompress                              - Undefined Weak Reference
    _clock_init                               - Undefined Weak Reference
    _microlib_exit                            - Undefined Weak Reference
    __Vectors_Size                           0x000001d8   Number         0  startup_stm32g431xx.o ABSOLUTE
    __Vectors                                0x08000000   Data           4  startup_stm32g431xx.o(RESET)
    __Vectors_End                            0x080001d8   Data           0  startup_stm32g431xx.o(RESET)
    __main                                   0x080001d9   Thumb Code     0  entry.o(.ARM.Collect$$$$00000000)
    _main_stk                                0x080001d9   Thumb Code     0  entry2.o(.ARM.Collect$$$$00000001)
    _main_scatterload                        0x080001dd   Thumb Code     0  entry5.o(.ARM.Collect$$$$00000004)
    __main_after_scatterload                 0x080001e1   Thumb Code     0  entry5.o(.ARM.Collect$$$$00000004)
    _main_clock                              0x080001e1   Thumb Code     0  entry7b.o(.ARM.Collect$$$$00000008)
    _main_cpp_init                           0x080001e1   Thumb Code     0  entry8b.o(.ARM.Collect$$$$0000000A)
    _main_init                               0x080001e1   Thumb Code     0  entry9a.o(.ARM.Collect$$$$0000000B)
    __rt_final_cpp                           0x080001e9   Thumb Code     0  entry10a.o(.ARM.Collect$$$$0000000D)
    __rt_final_exit                          0x080001e9   Thumb Code     0  entry11a.o(.ARM.Collect$$$$0000000F)
    Reset_Handler                            0x080001ed   Thumb Code     8  startup_stm32g431xx.o(.text)
    ADC1_2_IRQHandler                        0x08000207   Thumb Code     0  startup_stm32g431xx.o(.text)
    COMP1_2_3_IRQHandler                     0x08000207   Thumb Code     0  startup_stm32g431xx.o(.text)
    COMP4_IRQHandler                         0x08000207   Thumb Code     0  startup_stm32g431xx.o(.text)
    CORDIC_IRQHandler                        0x08000207   Thumb Code     0  startup_stm32g431xx.o(.text)
    CRS_IRQHandler                           0x08000207   Thumb Code     0  startup_stm32g431xx.o(.text)
    DMA1_Channel1_IRQHandler                 0x08000207   Thumb Code     0  startup_stm32g431xx.o(.text)
    DMA1_Channel2_IRQHandler                 0x08000207   Thumb Code     0  startup_stm32g431xx.o(.text)
    DMA1_Channel3_IRQHandler                 0x08000207   Thumb Code     0  startup_stm32g431xx.o(.text)
    DMA1_Channel4_IRQHandler                 0x08000207   Thumb Code     0  startup_stm32g431xx.o(.text)
    DMA1_Channel5_IRQHandler                 0x08000207   Thumb Code     0  startup_stm32g431xx.o(.text)
    DMA1_Channel6_IRQHandler                 0x08000207   Thumb Code     0  startup_stm32g431xx.o(.text)
    DMA2_Channel1_IRQHandler                 0x08000207   Thumb Code     0  startup_stm32g431xx.o(.text)
    DMA2_Channel2_IRQHandler                 0x08000207   Thumb Code     0  startup_stm32g431xx.o(.text)
    DMA2_Channel3_IRQHandler                 0x08000207   Thumb Code     0  startup_stm32g431xx.o(.text)
    DMA2_Channel4_IRQHandler                 0x08000207   Thumb Code     0  startup_stm32g431xx.o(.text)
    DMA2_Channel5_IRQHandler                 0x08000207   Thumb Code     0  startup_stm32g431xx.o(.text)
    DMA2_Channel6_IRQHandler                 0x08000207   Thumb Code     0  startup_stm32g431xx.o(.text)
    DMAMUX_OVR_IRQHandler                    0x08000207   Thumb Code     0  startup_stm32g431xx.o(.text)
    EXTI0_IRQHandler                         0x08000207   Thumb Code     0  startup_stm32g431xx.o(.text)
    EXTI15_10_IRQHandler                     0x08000207   Thumb Code     0  startup_stm32g431xx.o(.text)
    EXTI1_IRQHandler                         0x08000207   Thumb Code     0  startup_stm32g431xx.o(.text)
    EXTI2_IRQHandler                         0x08000207   Thumb Code     0  startup_stm32g431xx.o(.text)
    EXTI3_IRQHandler                         0x08000207   Thumb Code     0  startup_stm32g431xx.o(.text)
    EXTI4_IRQHandler                         0x08000207   Thumb Code     0  startup_stm32g431xx.o(.text)
    EXTI9_5_IRQHandler                       0x08000207   Thumb Code     0  startup_stm32g431xx.o(.text)
    FDCAN1_IT0_IRQHandler                    0x08000207   Thumb Code     0  startup_stm32g431xx.o(.text)
    FDCAN1_IT1_IRQHandler                    0x08000207   Thumb Code     0  startup_stm32g431xx.o(.text)
    FLASH_IRQHandler                         0x08000207   Thumb Code     0  startup_stm32g431xx.o(.text)
    FMAC_IRQHandler                          0x08000207   Thumb Code     0  startup_stm32g431xx.o(.text)
    FPU_IRQHandler                           0x08000207   Thumb Code     0  startup_stm32g431xx.o(.text)
    I2C1_ER_IRQHandler                       0x08000207   Thumb Code     0  startup_stm32g431xx.o(.text)
    I2C1_EV_IRQHandler                       0x08000207   Thumb Code     0  startup_stm32g431xx.o(.text)
    I2C2_ER_IRQHandler                       0x08000207   Thumb Code     0  startup_stm32g431xx.o(.text)
    I2C2_EV_IRQHandler                       0x08000207   Thumb Code     0  startup_stm32g431xx.o(.text)
    I2C3_ER_IRQHandler                       0x08000207   Thumb Code     0  startup_stm32g431xx.o(.text)
    I2C3_EV_IRQHandler                       0x08000207   Thumb Code     0  startup_stm32g431xx.o(.text)
    LPTIM1_IRQHandler                        0x08000207   Thumb Code     0  startup_stm32g431xx.o(.text)
    LPUART1_IRQHandler                       0x08000207   Thumb Code     0  startup_stm32g431xx.o(.text)
    PVD_PVM_IRQHandler                       0x08000207   Thumb Code     0  startup_stm32g431xx.o(.text)
    RCC_IRQHandler                           0x08000207   Thumb Code     0  startup_stm32g431xx.o(.text)
    RNG_IRQHandler                           0x08000207   Thumb Code     0  startup_stm32g431xx.o(.text)
    RTC_Alarm_IRQHandler                     0x08000207   Thumb Code     0  startup_stm32g431xx.o(.text)
    RTC_TAMP_LSECSS_IRQHandler               0x08000207   Thumb Code     0  startup_stm32g431xx.o(.text)
    RTC_WKUP_IRQHandler                      0x08000207   Thumb Code     0  startup_stm32g431xx.o(.text)
    SAI1_IRQHandler                          0x08000207   Thumb Code     0  startup_stm32g431xx.o(.text)
    SPI1_IRQHandler                          0x08000207   Thumb Code     0  startup_stm32g431xx.o(.text)
    SPI2_IRQHandler                          0x08000207   Thumb Code     0  startup_stm32g431xx.o(.text)
    SPI3_IRQHandler                          0x08000207   Thumb Code     0  startup_stm32g431xx.o(.text)
    TIM1_BRK_TIM15_IRQHandler                0x08000207   Thumb Code     0  startup_stm32g431xx.o(.text)
    TIM1_CC_IRQHandler                       0x08000207   Thumb Code     0  startup_stm32g431xx.o(.text)
    TIM1_TRG_COM_TIM17_IRQHandler            0x08000207   Thumb Code     0  startup_stm32g431xx.o(.text)
    TIM1_UP_TIM16_IRQHandler                 0x08000207   Thumb Code     0  startup_stm32g431xx.o(.text)
    TIM2_IRQHandler                          0x08000207   Thumb Code     0  startup_stm32g431xx.o(.text)
    TIM3_IRQHandler                          0x08000207   Thumb Code     0  startup_stm32g431xx.o(.text)
    TIM4_IRQHandler                          0x08000207   Thumb Code     0  startup_stm32g431xx.o(.text)
    TIM7_IRQHandler                          0x08000207   Thumb Code     0  startup_stm32g431xx.o(.text)
    TIM8_BRK_IRQHandler                      0x08000207   Thumb Code     0  startup_stm32g431xx.o(.text)
    TIM8_CC_IRQHandler                       0x08000207   Thumb Code     0  startup_stm32g431xx.o(.text)
    TIM8_TRG_COM_IRQHandler                  0x08000207   Thumb Code     0  startup_stm32g431xx.o(.text)
    TIM8_UP_IRQHandler                       0x08000207   Thumb Code     0  startup_stm32g431xx.o(.text)
    UART4_IRQHandler                         0x08000207   Thumb Code     0  startup_stm32g431xx.o(.text)
    UCPD1_IRQHandler                         0x08000207   Thumb Code     0  startup_stm32g431xx.o(.text)
    USART1_IRQHandler                        0x08000207   Thumb Code     0  startup_stm32g431xx.o(.text)
    USART2_IRQHandler                        0x08000207   Thumb Code     0  startup_stm32g431xx.o(.text)
    USART3_IRQHandler                        0x08000207   Thumb Code     0  startup_stm32g431xx.o(.text)
    USBWakeUp_IRQHandler                     0x08000207   Thumb Code     0  startup_stm32g431xx.o(.text)
    USB_HP_IRQHandler                        0x08000207   Thumb Code     0  startup_stm32g431xx.o(.text)
    USB_LP_IRQHandler                        0x08000207   Thumb Code     0  startup_stm32g431xx.o(.text)
    WWDG_IRQHandler                          0x08000207   Thumb Code     0  startup_stm32g431xx.o(.text)
    __aeabi_memset                           0x08000211   Thumb Code    14  memseta.o(.text)
    __aeabi_memset4                          0x08000211   Thumb Code     0  memseta.o(.text)
    __aeabi_memset8                          0x08000211   Thumb Code     0  memseta.o(.text)
    __aeabi_memclr                           0x0800021f   Thumb Code     4  memseta.o(.text)
    __aeabi_memclr4                          0x0800021f   Thumb Code     0  memseta.o(.text)
    __aeabi_memclr8                          0x0800021f   Thumb Code     0  memseta.o(.text)
    _memset$wrapper                          0x08000223   Thumb Code    18  memseta.o(.text)
    __aeabi_uidiv                            0x08000235   Thumb Code     0  uidiv.o(.text)
    __aeabi_uidivmod                         0x08000235   Thumb Code    44  uidiv.o(.text)
    __scatterload                            0x08000261   Thumb Code    28  init.o(.text)
    __scatterload_rt2                        0x08000261   Thumb Code     0  init.o(.text)
    BTN1_PRESS_DOWN_Handler                  0x08000285   Thumb Code    18  button.o(.text.BTN1_PRESS_DOWN_Handler)
    BTN1_PRESS_UP_Handler                    0x08000299   Thumb Code    18  button.o(.text.BTN1_PRESS_UP_Handler)
    BTN2_PRESS_REPEAT_Handler                0x080002ad   Thumb Code    18  button.o(.text.BTN2_PRESS_REPEAT_Handler)
    BTN2_SINGLE_Click_Handler                0x080002c1   Thumb Code    18  button.o(.text.BTN2_SINGLE_Click_Handler)
    BTN3_DOUBLE_Click_Handler                0x080002d5   Thumb Code    18  button.o(.text.BTN3_DOUBLE_Click_Handler)
    BTN3_LONG_PRESS_START_Handler            0x080002e9   Thumb Code    18  button.o(.text.BTN3_LONG_PRESS_START_Handler)
    BTN4_LONG_PRESS_HOLD_Handler             0x080002fd   Thumb Code    18  button.o(.text.BTN4_LONG_PRESS_HOLD_Handler)
    BusFault_Handler                         0x08000311   Thumb Code     2  stm32g4xx_it.o(.text.BusFault_Handler)
    DebugMon_Handler                         0x08000315   Thumb Code     2  stm32g4xx_it.o(.text.DebugMon_Handler)
    Error_Handler                            0x08000319   Thumb Code    10  main.o(.text.Error_Handler)
    GuiInit                                  0x08000325   Thumb Code   116  gui.o(.text.GuiInit)
    GuiShowNum                               0x080003b1   Thumb Code   112  gui.o(.text.GuiShowNum)
    HAL_Delay                                0x08000421   Thumb Code    40  stm32g4xx_hal.o(.text.HAL_Delay)
    HAL_GPIO_Init                            0x08000449   Thumb Code   426  stm32g4xx_hal_gpio.o(.text.HAL_GPIO_Init)
    HAL_GPIO_ReadPin                         0x080005f5   Thumb Code    10  stm32g4xx_hal_gpio.o(.text.HAL_GPIO_ReadPin)
    HAL_GPIO_WritePin                        0x08000601   Thumb Code    12  stm32g4xx_hal_gpio.o(.text.HAL_GPIO_WritePin)
    HAL_GetTick                              0x0800060d   Thumb Code    12  stm32g4xx_hal.o(.text.HAL_GetTick)
    HAL_IncTick                              0x08000619   Thumb Code    26  stm32g4xx_hal.o(.text.HAL_IncTick)
    HAL_Init                                 0x08000635   Thumb Code    30  stm32g4xx_hal.o(.text.HAL_Init)
    HAL_InitTick                             0x08000655   Thumb Code    76  stm32g4xx_hal.o(.text.HAL_InitTick)
    HAL_MspInit                              0x080006a1   Thumb Code    52  stm32g4xx_hal_msp.o(.text.HAL_MspInit)
    HAL_NVIC_EnableIRQ                       0x080006d5   Thumb Code    38  stm32g4xx_hal_cortex.o(.text.HAL_NVIC_EnableIRQ)
    HAL_NVIC_SetPriority                     0x080006fd   Thumb Code    86  stm32g4xx_hal_cortex.o(.text.HAL_NVIC_SetPriority)
    HAL_NVIC_SetPriorityGrouping             0x08000755   Thumb Code    32  stm32g4xx_hal_cortex.o(.text.HAL_NVIC_SetPriorityGrouping)
    HAL_PWREx_ControlVoltageScaling          0x08000775   Thumb Code   294  stm32g4xx_hal_pwr_ex.o(.text.HAL_PWREx_ControlVoltageScaling)
    HAL_PWREx_DisableUCPDDeadBattery         0x0800089d   Thumb Code    18  stm32g4xx_hal_pwr_ex.o(.text.HAL_PWREx_DisableUCPDDeadBattery)
    HAL_RCC_ClockConfig                      0x080008b1   Thumb Code   788  stm32g4xx_hal_rcc.o(.text.HAL_RCC_ClockConfig)
    HAL_RCC_OscConfig                        0x08000bc5   Thumb Code  1200  stm32g4xx_hal_rcc.o(.text.HAL_RCC_OscConfig)
    HAL_SYSTICK_Config                       0x08001075   Thumb Code    44  stm32g4xx_hal_cortex.o(.text.HAL_SYSTICK_Config)
    HAL_TIMEx_Break2Callback                 0x080010a1   Thumb Code     2  stm32g4xx_hal_tim_ex.o(.text.HAL_TIMEx_Break2Callback)
    HAL_TIMEx_BreakCallback                  0x080010a5   Thumb Code     2  stm32g4xx_hal_tim_ex.o(.text.HAL_TIMEx_BreakCallback)
    HAL_TIMEx_CommutCallback                 0x080010a9   Thumb Code     2  stm32g4xx_hal_tim_ex.o(.text.HAL_TIMEx_CommutCallback)
    HAL_TIMEx_DirectionChangeCallback        0x080010ad   Thumb Code     2  stm32g4xx_hal_tim_ex.o(.text.HAL_TIMEx_DirectionChangeCallback)
    HAL_TIMEx_EncoderIndexCallback           0x080010b1   Thumb Code     2  stm32g4xx_hal_tim_ex.o(.text.HAL_TIMEx_EncoderIndexCallback)
    HAL_TIMEx_IndexErrorCallback             0x080010b5   Thumb Code     2  stm32g4xx_hal_tim_ex.o(.text.HAL_TIMEx_IndexErrorCallback)
    HAL_TIMEx_MasterConfigSynchronization    0x080010b9   Thumb Code   162  stm32g4xx_hal_tim_ex.o(.text.HAL_TIMEx_MasterConfigSynchronization)
    HAL_TIMEx_TransitionErrorCallback        0x0800115d   Thumb Code     2  stm32g4xx_hal_tim_ex.o(.text.HAL_TIMEx_TransitionErrorCallback)
    HAL_TIM_Base_Init                        0x08001161   Thumb Code    98  stm32g4xx_hal_tim.o(.text.HAL_TIM_Base_Init)
    HAL_TIM_Base_MspInit                     0x080011c5   Thumb Code    70  tim.o(.text.HAL_TIM_Base_MspInit)
    HAL_TIM_Base_Start_IT                    0x0800120d   Thumb Code   146  stm32g4xx_hal_tim.o(.text.HAL_TIM_Base_Start_IT)
    HAL_TIM_IC_CaptureCallback               0x080012a1   Thumb Code     2  stm32g4xx_hal_tim.o(.text.HAL_TIM_IC_CaptureCallback)
    HAL_TIM_IRQHandler                       0x080012a5   Thumb Code   528  stm32g4xx_hal_tim.o(.text.HAL_TIM_IRQHandler)
    HAL_TIM_OC_DelayElapsedCallback          0x080014b5   Thumb Code     2  stm32g4xx_hal_tim.o(.text.HAL_TIM_OC_DelayElapsedCallback)
    HAL_TIM_PWM_PulseFinishedCallback        0x080014b9   Thumb Code     2  stm32g4xx_hal_tim.o(.text.HAL_TIM_PWM_PulseFinishedCallback)
    HAL_TIM_PeriodElapsedCallback            0x080014bd   Thumb Code    18  tim.o(.text.HAL_TIM_PeriodElapsedCallback)
    HAL_TIM_TriggerCallback                  0x080014d1   Thumb Code     2  stm32g4xx_hal_tim.o(.text.HAL_TIM_TriggerCallback)
    HardFault_Handler                        0x080014d5   Thumb Code     2  stm32g4xx_it.o(.text.HardFault_Handler)
    LCD_DisplayStringLine                    0x080014d9   Thumb Code    76  lcd_hal.o(.text.LCD_DisplayStringLine)
    LCD_DrawChar                             0x08001525   Thumb Code   864  lcd_hal.o(.text.LCD_DrawChar)
    LCD_Init                                 0x08001885   Thumb Code   560  lcd_hal.o(.text.LCD_Init)
    MX_GPIO_Init                             0x08001ab5   Thumb Code   150  gpio.o(.text.MX_GPIO_Init)
    MX_TIM6_Init                             0x08001b4d   Thumb Code    92  tim.o(.text.MX_TIM6_Init)
    MemManage_Handler                        0x08001ba9   Thumb Code     2  stm32g4xx_it.o(.text.MemManage_Handler)
    NMI_Handler                              0x08001bad   Thumb Code     2  stm32g4xx_it.o(.text.NMI_Handler)
    PendSV_Handler                           0x08001bb1   Thumb Code     2  stm32g4xx_it.o(.text.PendSV_Handler)
    REG_8230_Init                            0x08001bb5   Thumb Code  2790  lcd_hal.o(.text.REG_8230_Init)
    REG_932X_Init                            0x0800269d   Thumb Code  5406  lcd_hal.o(.text.REG_932X_Init)
    SVC_Handler                              0x08003bbd   Thumb Code     2  stm32g4xx_it.o(.text.SVC_Handler)
    SysTick_Handler                          0x08003bc1   Thumb Code     4  stm32g4xx_it.o(.text.SysTick_Handler)
    SystemInit                               0x08003bc5   Thumb Code    18  system_stm32g4xx.o(.text.SystemInit)
    TIM6_DAC_IRQHandler                      0x08003bd9   Thumb Code    12  stm32g4xx_it.o(.text.TIM6_DAC_IRQHandler)
    TIM_Base_SetConfig                       0x08003be5   Thumb Code   266  stm32g4xx_hal_tim.o(.text.TIM_Base_SetConfig)
    UsageFault_Handler                       0x08003cf1   Thumb Code     2  stm32g4xx_it.o(.text.UsageFault_Handler)
    btn_Task                                 0x08003cf5   Thumb Code   224  button.o(.text.btn_Task)
    button_attach                            0x08003dd5   Thumb Code     8  multi_button.o(.text.button_attach)
    button_init                              0x08003ddd   Thumb Code    54  multi_button.o(.text.button_init)
    button_start                             0x08003e15   Thumb Code    70  multi_button.o(.text.button_start)
    button_ticks                             0x08003e5d   Thumb Code   504  multi_button.o(.text.button_ticks)
    main                                     0x08004055   Thumb Code   130  main.o(.text.main)
    read_button_GPIO                         0x080040d9   Thumb Code    74  button.o(.text.read_button_GPIO)
    __0sprintf$6                             0x08004125   Thumb Code    34  printf6.o(i.__0sprintf$6)
    __1sprintf$6                             0x08004125   Thumb Code     0  printf6.o(i.__0sprintf$6)
    __2sprintf                               0x08004125   Thumb Code     0  printf6.o(i.__0sprintf$6)
    __scatterload_copy                       0x0800414d   Thumb Code    14  handlers.o(i.__scatterload_copy)
    __scatterload_null                       0x0800415b   Thumb Code     2  handlers.o(i.__scatterload_null)
    __scatterload_zeroinit                   0x0800415d   Thumb Code    14  handlers.o(i.__scatterload_zeroinit)
    AHBPrescTable                            0x080044b8   Data          16  system_stm32g4xx.o(.rodata.AHBPrescTable)
    ASCII_Table                              0x080044c8   Data        4560  lcd_hal.o(.rodata.ASCII_Table)
    Region$$Table$$Base                      0x080056fc   Number         0  anon$$obj.o(Region$$Table)
    Region$$Table$$Limit                     0x0800571c   Number         0  anon$$obj.o(Region$$Table)
    uwTickPrio                               0x20000000   Data           4  stm32g4xx_hal.o(.data..L_MergedGlobals)
    uwTickFreq                               0x20000004   Data           4  stm32g4xx_hal.o(.data..L_MergedGlobals)
    SystemCoreClock                          0x2000000c   Data           4  system_stm32g4xx.o(.data.SystemCoreClock)
    btn1                                     0x20000010   Data          44  button.o(.bss..L_MergedGlobals)
    btn2                                     0x2000003c   Data          44  button.o(.bss..L_MergedGlobals)
    btn3                                     0x20000068   Data          44  button.o(.bss..L_MergedGlobals.1)
    btn4                                     0x20000094   Data          44  button.o(.bss..L_MergedGlobals.1)
    dummy                                    0x200000da   Data           2  lcd_hal.o(.bss.dummy)
    htim6                                    0x200000e0   Data          76  tim.o(.bss.htim6)
    num                                      0x2000012c   Data           4  button.o(.bss.num)
    uwTick                                   0x20000130   Data           4  stm32g4xx_hal.o(.bss.uwTick)
    __initial_sp                             0x20000538   Data           0  startup_stm32g431xx.o(STACK)



==============================================================================

Memory Map of the image

  Image Entry point : 0x080001d9

  Load Region LR_IROM1 (Base: 0x08000000, Size: 0x00005730, Max: 0x00020000, ABSOLUTE)

    Execution Region ER_IROM1 (Exec base: 0x08000000, Load base: 0x08000000, Size: 0x0000571c, Max: 0x00020000, ABSOLUTE)

    Exec Addr    Load Addr    Size         Type   Attr      Idx    E Section Name        Object

    0x08000000   0x08000000   0x000001d8   Data   RO            3    RESET               startup_stm32g431xx.o
    0x080001d8   0x080001d8   0x00000000   Code   RO         1114  * .ARM.Collect$$$$00000000  mc_w.l(entry.o)
    0x080001d8   0x080001d8   0x00000004   Code   RO         1380    .ARM.Collect$$$$00000001  mc_w.l(entry2.o)
    0x080001dc   0x080001dc   0x00000004   Code   RO         1383    .ARM.Collect$$$$00000004  mc_w.l(entry5.o)
    0x080001e0   0x080001e0   0x00000000   Code   RO         1385    .ARM.Collect$$$$00000008  mc_w.l(entry7b.o)
    0x080001e0   0x080001e0   0x00000000   Code   RO         1387    .ARM.Collect$$$$0000000A  mc_w.l(entry8b.o)
    0x080001e0   0x080001e0   0x00000008   Code   RO         1388    .ARM.Collect$$$$0000000B  mc_w.l(entry9a.o)
    0x080001e8   0x080001e8   0x00000000   Code   RO         1390    .ARM.Collect$$$$0000000D  mc_w.l(entry10a.o)
    0x080001e8   0x080001e8   0x00000000   Code   RO         1392    .ARM.Collect$$$$0000000F  mc_w.l(entry11a.o)
    0x080001e8   0x080001e8   0x00000004   Code   RO         1381    .ARM.Collect$$$$00002712  mc_w.l(entry2.o)
    0x080001ec   0x080001ec   0x00000024   Code   RO            4    .text               startup_stm32g431xx.o
    0x08000210   0x08000210   0x00000024   Code   RO         1117    .text               mc_w.l(memseta.o)
    0x08000234   0x08000234   0x0000002c   Code   RO         1408    .text               mc_w.l(uidiv.o)
    0x08000260   0x08000260   0x00000024   Code   RO         1423    .text               mc_w.l(init.o)
    0x08000284   0x08000284   0x00000012   Code   RO          981    .text.BTN1_PRESS_DOWN_Handler  button.o
    0x08000296   0x08000296   0x00000002   PAD
    0x08000298   0x08000298   0x00000012   Code   RO          983    .text.BTN1_PRESS_UP_Handler  button.o
    0x080002aa   0x080002aa   0x00000002   PAD
    0x080002ac   0x080002ac   0x00000012   Code   RO          985    .text.BTN2_PRESS_REPEAT_Handler  button.o
    0x080002be   0x080002be   0x00000002   PAD
    0x080002c0   0x080002c0   0x00000012   Code   RO          987    .text.BTN2_SINGLE_Click_Handler  button.o
    0x080002d2   0x080002d2   0x00000002   PAD
    0x080002d4   0x080002d4   0x00000012   Code   RO          989    .text.BTN3_DOUBLE_Click_Handler  button.o
    0x080002e6   0x080002e6   0x00000002   PAD
    0x080002e8   0x080002e8   0x00000012   Code   RO          991    .text.BTN3_LONG_PRESS_START_Handler  button.o
    0x080002fa   0x080002fa   0x00000002   PAD
    0x080002fc   0x080002fc   0x00000012   Code   RO          993    .text.BTN4_LONG_PRESS_HOLD_Handler  button.o
    0x0800030e   0x0800030e   0x00000002   PAD
    0x08000310   0x08000310   0x00000002   Code   RO           57    .text.BusFault_Handler  stm32g4xx_it.o
    0x08000312   0x08000312   0x00000002   PAD
    0x08000314   0x08000314   0x00000002   Code   RO           63    .text.DebugMon_Handler  stm32g4xx_it.o
    0x08000316   0x08000316   0x00000002   PAD
    0x08000318   0x08000318   0x0000000a   Code   RO           15    .text.Error_Handler  main.o
    0x08000322   0x08000322   0x00000002   PAD
    0x08000324   0x08000324   0x0000008c   Code   RO         1027    .text.GuiInit       gui.o
    0x080003b0   0x080003b0   0x00000070   Code   RO         1029    .text.GuiShowNum    gui.o
    0x08000420   0x08000420   0x00000028   Code   RO          562    .text.HAL_Delay     stm32g4xx_hal.o
    0x08000448   0x08000448   0x000001aa   Code   RO          776    .text.HAL_GPIO_Init  stm32g4xx_hal_gpio.o
    0x080005f2   0x080005f2   0x00000002   PAD
    0x080005f4   0x080005f4   0x0000000a   Code   RO          780    .text.HAL_GPIO_ReadPin  stm32g4xx_hal_gpio.o
    0x080005fe   0x080005fe   0x00000002   PAD
    0x08000600   0x08000600   0x0000000c   Code   RO          782    .text.HAL_GPIO_WritePin  stm32g4xx_hal_gpio.o
    0x0800060c   0x0800060c   0x0000000c   Code   RO          554    .text.HAL_GetTick   stm32g4xx_hal.o
    0x08000618   0x08000618   0x0000001a   Code   RO          552    .text.HAL_IncTick   stm32g4xx_hal.o
    0x08000632   0x08000632   0x00000002   PAD
    0x08000634   0x08000634   0x0000001e   Code   RO          542    .text.HAL_Init      stm32g4xx_hal.o
    0x08000652   0x08000652   0x00000002   PAD
    0x08000654   0x08000654   0x0000004c   Code   RO          544    .text.HAL_InitTick  stm32g4xx_hal.o
    0x080006a0   0x080006a0   0x00000034   Code   RO           78    .text.HAL_MspInit   stm32g4xx_hal_msp.o
    0x080006d4   0x080006d4   0x00000026   Code   RO          920    .text.HAL_NVIC_EnableIRQ  stm32g4xx_hal_cortex.o
    0x080006fa   0x080006fa   0x00000002   PAD
    0x080006fc   0x080006fc   0x00000056   Code   RO          918    .text.HAL_NVIC_SetPriority  stm32g4xx_hal_cortex.o
    0x08000752   0x08000752   0x00000002   PAD
    0x08000754   0x08000754   0x00000020   Code   RO          916    .text.HAL_NVIC_SetPriorityGrouping  stm32g4xx_hal_cortex.o
    0x08000774   0x08000774   0x00000126   Code   RO          462    .text.HAL_PWREx_ControlVoltageScaling  stm32g4xx_hal_pwr_ex.o
    0x0800089a   0x0800089a   0x00000002   PAD
    0x0800089c   0x0800089c   0x00000012   Code   RO          532    .text.HAL_PWREx_DisableUCPDDeadBattery  stm32g4xx_hal_pwr_ex.o
    0x080008ae   0x080008ae   0x00000002   PAD
    0x080008b0   0x080008b0   0x00000314   Code   RO          626    .text.HAL_RCC_ClockConfig  stm32g4xx_hal_rcc.o
    0x08000bc4   0x08000bc4   0x000004b0   Code   RO          624    .text.HAL_RCC_OscConfig  stm32g4xx_hal_rcc.o
    0x08001074   0x08001074   0x0000002c   Code   RO          928    .text.HAL_SYSTICK_Config  stm32g4xx_hal_cortex.o
    0x080010a0   0x080010a0   0x00000002   Code   RO          437    .text.HAL_TIMEx_Break2Callback  stm32g4xx_hal_tim_ex.o
    0x080010a2   0x080010a2   0x00000002   PAD
    0x080010a4   0x080010a4   0x00000002   Code   RO          435    .text.HAL_TIMEx_BreakCallback  stm32g4xx_hal_tim_ex.o
    0x080010a6   0x080010a6   0x00000002   PAD
    0x080010a8   0x080010a8   0x00000002   Code   RO          431    .text.HAL_TIMEx_CommutCallback  stm32g4xx_hal_tim_ex.o
    0x080010aa   0x080010aa   0x00000002   PAD
    0x080010ac   0x080010ac   0x00000002   Code   RO          441    .text.HAL_TIMEx_DirectionChangeCallback  stm32g4xx_hal_tim_ex.o
    0x080010ae   0x080010ae   0x00000002   PAD
    0x080010b0   0x080010b0   0x00000002   Code   RO          439    .text.HAL_TIMEx_EncoderIndexCallback  stm32g4xx_hal_tim_ex.o
    0x080010b2   0x080010b2   0x00000002   PAD
    0x080010b4   0x080010b4   0x00000002   Code   RO          443    .text.HAL_TIMEx_IndexErrorCallback  stm32g4xx_hal_tim_ex.o
    0x080010b6   0x080010b6   0x00000002   PAD
    0x080010b8   0x080010b8   0x000000a2   Code   RO          381    .text.HAL_TIMEx_MasterConfigSynchronization  stm32g4xx_hal_tim_ex.o
    0x0800115a   0x0800115a   0x00000002   PAD
    0x0800115c   0x0800115c   0x00000002   Code   RO          445    .text.HAL_TIMEx_TransitionErrorCallback  stm32g4xx_hal_tim_ex.o
    0x0800115e   0x0800115e   0x00000002   PAD
    0x08001160   0x08001160   0x00000062   Code   RO           86    .text.HAL_TIM_Base_Init  stm32g4xx_hal_tim.o
    0x080011c2   0x080011c2   0x00000002   PAD
    0x080011c4   0x080011c4   0x00000046   Code   RO           36    .text.HAL_TIM_Base_MspInit  tim.o
    0x0800120a   0x0800120a   0x00000002   PAD
    0x0800120c   0x0800120c   0x00000092   Code   RO          100    .text.HAL_TIM_Base_Start_IT  stm32g4xx_hal_tim.o
    0x0800129e   0x0800129e   0x00000002   PAD
    0x080012a0   0x080012a0   0x00000002   Code   RO          222    .text.HAL_TIM_IC_CaptureCallback  stm32g4xx_hal_tim.o
    0x080012a2   0x080012a2   0x00000002   PAD
    0x080012a4   0x080012a4   0x00000210   Code   RO          220    .text.HAL_TIM_IRQHandler  stm32g4xx_hal_tim.o
    0x080014b4   0x080014b4   0x00000002   Code   RO          224    .text.HAL_TIM_OC_DelayElapsedCallback  stm32g4xx_hal_tim.o
    0x080014b6   0x080014b6   0x00000002   PAD
    0x080014b8   0x080014b8   0x00000002   Code   RO          226    .text.HAL_TIM_PWM_PulseFinishedCallback  stm32g4xx_hal_tim.o
    0x080014ba   0x080014ba   0x00000002   PAD
    0x080014bc   0x080014bc   0x00000012   Code   RO           40    .text.HAL_TIM_PeriodElapsedCallback  tim.o
    0x080014ce   0x080014ce   0x00000002   PAD
    0x080014d0   0x080014d0   0x00000002   Code   RO          230    .text.HAL_TIM_TriggerCallback  stm32g4xx_hal_tim.o
    0x080014d2   0x080014d2   0x00000002   PAD
    0x080014d4   0x080014d4   0x00000002   Code   RO           53    .text.HardFault_Handler  stm32g4xx_it.o
    0x080014d6   0x080014d6   0x00000002   PAD
    0x080014d8   0x080014d8   0x0000004c   Code   RO         1061    .text.LCD_DisplayStringLine  lcd_hal.o
    0x08001524   0x08001524   0x00000360   Code   RO         1071    .text.LCD_DrawChar  lcd_hal.o
    0x08001884   0x08001884   0x00000230   Code   RO         1049    .text.LCD_Init      lcd_hal.o
    0x08001ab4   0x08001ab4   0x00000096   Code   RO           25    .text.MX_GPIO_Init  gpio.o
    0x08001b4a   0x08001b4a   0x00000002   PAD
    0x08001b4c   0x08001b4c   0x0000005c   Code   RO           34    .text.MX_TIM6_Init  tim.o
    0x08001ba8   0x08001ba8   0x00000002   Code   RO           55    .text.MemManage_Handler  stm32g4xx_it.o
    0x08001baa   0x08001baa   0x00000002   PAD
    0x08001bac   0x08001bac   0x00000002   Code   RO           51    .text.NMI_Handler   stm32g4xx_it.o
    0x08001bae   0x08001bae   0x00000002   PAD
    0x08001bb0   0x08001bb0   0x00000002   Code   RO           65    .text.PendSV_Handler  stm32g4xx_it.o
    0x08001bb2   0x08001bb2   0x00000002   PAD
    0x08001bb4   0x08001bb4   0x00000ae6   Code   RO         1043    .text.REG_8230_Init  lcd_hal.o
    0x0800269a   0x0800269a   0x00000002   PAD
    0x0800269c   0x0800269c   0x0000151e   Code   RO         1047    .text.REG_932X_Init  lcd_hal.o
    0x08003bba   0x08003bba   0x00000002   PAD
    0x08003bbc   0x08003bbc   0x00000002   Code   RO           61    .text.SVC_Handler   stm32g4xx_it.o
    0x08003bbe   0x08003bbe   0x00000002   PAD
    0x08003bc0   0x08003bc0   0x00000004   Code   RO           67    .text.SysTick_Handler  stm32g4xx_it.o
    0x08003bc4   0x08003bc4   0x00000012   Code   RO          962    .text.SystemInit    system_stm32g4xx.o
    0x08003bd6   0x08003bd6   0x00000002   PAD
    0x08003bd8   0x08003bd8   0x0000000c   Code   RO           69    .text.TIM6_DAC_IRQHandler  stm32g4xx_it.o
    0x08003be4   0x08003be4   0x0000010a   Code   RO           90    .text.TIM_Base_SetConfig  stm32g4xx_hal_tim.o
    0x08003cee   0x08003cee   0x00000002   PAD
    0x08003cf0   0x08003cf0   0x00000002   Code   RO           59    .text.UsageFault_Handler  stm32g4xx_it.o
    0x08003cf2   0x08003cf2   0x00000002   PAD
    0x08003cf4   0x08003cf4   0x000000e0   Code   RO          979    .text.btn_Task      button.o
    0x08003dd4   0x08003dd4   0x00000008   Code   RO         1008    .text.button_attach  multi_button.o
    0x08003ddc   0x08003ddc   0x00000036   Code   RO         1006    .text.button_init   multi_button.o
    0x08003e12   0x08003e12   0x00000002   PAD
    0x08003e14   0x08003e14   0x00000046   Code   RO         1012    .text.button_start  multi_button.o
    0x08003e5a   0x08003e5a   0x00000002   PAD
    0x08003e5c   0x08003e5c   0x000001f8   Code   RO         1016    .text.button_ticks  multi_button.o
    0x08004054   0x08004054   0x00000082   Code   RO           11    .text.main          main.o
    0x080040d6   0x080040d6   0x00000002   PAD
    0x080040d8   0x080040d8   0x0000004a   Code   RO          977    .text.read_button_GPIO  button.o
    0x08004122   0x08004122   0x00000002   PAD
    0x08004124   0x08004124   0x00000028   Code   RO         1276    i.__0sprintf$6      mc_w.l(printf6.o)
    0x0800414c   0x0800414c   0x0000000e   Code   RO         1437    i.__scatterload_copy  mc_w.l(handlers.o)
    0x0800415a   0x0800415a   0x00000002   Code   RO         1438    i.__scatterload_null  mc_w.l(handlers.o)
    0x0800415c   0x0800415c   0x0000000e   Code   RO         1439    i.__scatterload_zeroinit  mc_w.l(handlers.o)
    0x0800416a   0x0800416a   0x00000002   PAD
    0x0800416c   0x0800416c   0x000002f0   Code   RO         1281    i._printf_core      mc_w.l(printf6.o)
    0x0800445c   0x0800445c   0x00000024   Code   RO         1282    i._printf_post_padding  mc_w.l(printf6.o)
    0x08004480   0x08004480   0x0000002e   Code   RO         1283    i._printf_pre_padding  mc_w.l(printf6.o)
    0x080044ae   0x080044ae   0x0000000a   Code   RO         1285    i._sputc            mc_w.l(printf6.o)
    0x080044b8   0x080044b8   0x00000010   Data   RO          967    .rodata.AHBPrescTable  system_stm32g4xx.o
    0x080044c8   0x080044c8   0x000011d0   Data   RO         1103    .rodata.ASCII_Table  lcd_hal.o
    0x08005698   0x08005698   0x00000064   Data   RO         1031    .rodata.str1.1      gui.o
    0x080056fc   0x080056fc   0x00000020   Data   RO         1436    Region$$Table       anon$$obj.o


    Execution Region RW_IRAM1 (Exec base: 0x20000000, Load base: 0x08005720, Size: 0x00000538, Max: 0x00008000, ABSOLUTE)

    Exec Addr    Load Addr    Size         Type   Attr      Idx    E Section Name        Object

    0x20000000   0x08005720   0x00000008   Data   RW          613    .data..L_MergedGlobals  stm32g4xx_hal.o
    0x20000008   0x08005728   0x00000002   Data   RW         1106    .data.BackColor     lcd_hal.o
    0x2000000a   0x0800572a   0x00000002   PAD
    0x2000000c   0x0800572c   0x00000004   Data   RW          966    .data.SystemCoreClock  system_stm32g4xx.o
    0x20000010        -       0x00000058   Zero   RW          996    .bss..L_MergedGlobals  button.o
    0x20000068        -       0x00000058   Zero   RW          997    .bss..L_MergedGlobals.1  button.o
    0x200000c0        -       0x00000018   Zero   RW         1032    .bss.GuiShowNum.str  gui.o
    0x200000d8        -       0x00000002   Zero   RW         1105    .bss.TextColor      lcd_hal.o
    0x200000da        -       0x00000002   Zero   RW         1104    .bss.dummy          lcd_hal.o
    0x200000dc        -       0x00000004   Zero   RW         1018    .bss.head_handle    multi_button.o
    0x200000e0        -       0x0000004c   Zero   RW           42    .bss.htim6          tim.o
    0x2000012c        -       0x00000004   Zero   RW          995    .bss.num            button.o
    0x20000130        -       0x00000004   Zero   RW          612    .bss.uwTick         stm32g4xx_hal.o
    0x20000134   0x08005730   0x00000004   PAD
    0x20000138        -       0x00000400   Zero   RW            1    STACK               startup_stm32g431xx.o


==============================================================================

Image component sizes


      Code (inc. data)   RO Data    RW Data    ZI Data      Debug   Object Name

       424          4          0          0        180       3332   button.o
       150          0          0          0          0       2379   gpio.o
       252         24        100          0         24       1120   gui.o
      9696          0       4560          2          4      26131   lcd_hal.o
       140          0          0          0          0       1939   main.o
       636          8          0          0          4       3748   multi_button.o
        36          8        472          0       1024        828   startup_stm32g431xx.o
       184          0          0          8          4       8602   stm32g4xx_hal.o
       200          0          0          0          0      10244   stm32g4xx_hal_cortex.o
       448          0          0          0          0       5242   stm32g4xx_hal_gpio.o
        52          0          0          0          0       1748   stm32g4xx_hal_msp.o
       312          0          0          0          0       9782   stm32g4xx_hal_pwr_ex.o
      1988          0          0          0          0       9963   stm32g4xx_hal_rcc.o
      1046          0          0          0          0      60452   stm32g4xx_hal_tim.o
       176          0          0          0          0      29829   stm32g4xx_hal_tim_ex.o
        32          0          0          0          0       5082   stm32g4xx_it.o
        18          0         16          4          0       2776   system_stm32g4xx.o
       180          0          0          0         76       7872   tim.o

    ----------------------------------------------------------------------
     16068         44       5180         16       1320     191069   Object Totals
         0          0         32          0          0          0   (incl. Generated)
        98          0          0          2          4          0   (incl. Padding)

    ----------------------------------------------------------------------

      Code (inc. data)   RO Data    RW Data    ZI Data      Debug   Library Member Name

         0          0          0          0          0          0   entry.o
         0          0          0          0          0          0   entry10a.o
         0          0          0          0          0          0   entry11a.o
         8          4          0          0          0          0   entry2.o
         4          0          0          0          0          0   entry5.o
         0          0          0          0          0          0   entry7b.o
         0          0          0          0          0          0   entry8b.o
         8          4          0          0          0          0   entry9a.o
        30          0          0          0          0          0   handlers.o
        36          8          0          0          0         68   init.o
        36          0          0          0          0        108   memseta.o
       884         10          0          0          0        420   printf6.o
        44          0          0          0          0         80   uidiv.o

    ----------------------------------------------------------------------
      1052         26          0          0          0        676   Library Totals
         2          0          0          0          0          0   (incl. Padding)

    ----------------------------------------------------------------------

      Code (inc. data)   RO Data    RW Data    ZI Data      Debug   Library Name

      1050         26          0          0          0        676   mc_w.l

    ----------------------------------------------------------------------
      1052         26          0          0          0        676   Library Totals

    ----------------------------------------------------------------------

==============================================================================


      Code (inc. data)   RO Data    RW Data    ZI Data      Debug   

     17120         70       5180         16       1320     191369   Grand Totals
     17120         70       5180         16       1320     191369   ELF Image Totals
     17120         70       5180         16          0          0   ROM Totals

==============================================================================

    Total RO  Size (Code + RO Data)                22300 (  21.78kB)
    Total RW  Size (RW Data + ZI Data)              1336 (   1.30kB)
    Total ROM Size (Code + RO Data + RW Data)      22316 (  21.79kB)

==============================================================================

